First matrix of mock_popu_mat[0]:
168, 183, 171, 177, 176, 175, 170, 166, 162, 146, 148, 152, 131, 129, 119, 122, 122, 124, 130, 122, 116, 112, 123, 126, 115, 123, 121, 114, 109, 110, 111, 105, 104, 98, 96
192, 170, 185, 173, 179, 179, 177, 173, 169, 165, 150, 158, 161, 138, 136, 126, 129, 130, 130, 138, 131, 126, 123, 133, 137, 126, 133, 132, 125, 119, 119, 121, 112, 112, 106
171, 194, 171, 187, 175, 181, 181, 179, 175, 171, 167, 152, 161, 162, 139, 137, 128, 131, 130, 133, 139, 132, 130, 125, 136, 140, 129, 138, 136, 128, 122, 120, 125, 116, 114
139, 173, 195, 173, 188, 176, 182, 182, 180, 177, 173, 169, 153, 160, 163, 140, 138, 129, 132, 133, 134, 140, 135, 132, 127, 138, 143, 132, 141, 138, 130, 122, 125, 128, 117
146, 140, 174, 197, 174, 189, 177, 184, 184, 182, 177, 174, 170, 152, 161, 164, 141, 139, 130, 134, 134, 135, 142, 137, 134, 129, 141, 145, 133, 142, 139, 130, 126, 128, 130
155, 148, 142, 175, 198, 176, 190, 178, 186, 186, 183, 179, 175, 167, 153, 162, 165, 142, 140, 132, 135, 135, 137, 142, 138, 135, 130, 142, 147, 135, 143, 138, 133, 129, 129
146, 156, 149, 142, 176, 199, 177, 191, 180, 187, 186, 185, 181, 174, 170, 154, 163, 167, 143, 142, 133, 136, 136, 137, 144, 139, 136, 132, 143, 149, 135, 142, 141, 136, 131
159, 148, 157, 149, 143, 176, 200, 179, 192, 181, 188, 188, 186, 181, 176, 171, 155, 164, 168, 144, 143, 133, 137, 137, 138, 144, 140, 138, 133, 144, 149, 134, 145, 144, 138
159, 160, 148, 158, 150, 144, 177, 201, 180, 193, 181, 187, 189, 185, 182, 177, 172, 156, 165, 169, 145, 143, 134, 137, 137, 138, 145, 141, 138, 133, 145, 147, 136, 147, 146
160, 161, 161, 149, 158, 150, 144, 178, 202, 181, 194, 182, 188, 187, 185, 182, 177, 172, 156, 166, 170, 145, 143, 134, 137, 138, 139, 146, 141, 139, 133, 142, 150, 139, 148
160, 161, 161, 161, 149, 159, 151, 145, 179, 203, 182, 194, 182, 187, 187, 186, 182, 178, 173, 158, 166, 170, 145, 144, 134, 137, 138, 139, 146, 142, 139, 131, 145, 152, 140
162, 161, 162, 162, 162, 149, 159, 152, 146, 179, 204, 182, 195, 181, 187, 188, 186, 183, 179, 174, 158, 166, 170, 145, 144, 134, 138, 139, 139, 147, 142, 137, 133, 147, 153
154, 163, 161, 162, 162, 162, 150, 160, 152, 146, 179, 204, 182, 193, 181, 187, 188, 186, 184, 180, 174, 158, 166, 170, 145, 144, 135, 138, 139, 140, 147, 139, 139, 135, 148
169, 154, 163, 161, 163, 163, 163, 150, 160, 153, 146, 180, 204, 181, 193, 181, 187, 188, 187, 185, 180, 174, 158, 166, 170, 145, 144, 135, 138, 140, 140, 144, 141, 141, 136
162, 169, 154, 163, 161, 163, 163, 163, 150, 161, 153, 147, 180, 203, 181, 193, 182, 187, 189, 189, 185, 180, 174, 158, 166, 170, 146, 145, 135, 139, 140, 138, 147, 144, 142
165, 163, 170, 154, 163, 161, 163, 163, 163, 151, 161, 153, 147, 179, 203, 182, 194, 182, 189, 190, 189, 185, 180, 174, 158, 167, 170, 147, 145, 137, 139, 137, 141, 149, 145
181, 165, 162, 169, 154, 163, 161, 163, 163, 163, 150, 160, 153, 146, 179, 203, 182, 193, 183, 190, 190, 188, 185, 180, 174, 158, 167, 171, 146, 146, 136, 137, 140, 142, 149
192, 180, 165, 162, 169, 153, 163, 161, 162, 163, 163, 150, 160, 152, 145, 178, 203, 182, 194, 184, 190, 189, 188, 185, 180, 174, 159, 167, 171, 147, 146, 134, 139, 142, 143
184, 192, 180, 164, 161, 169, 153, 162, 160, 162, 162, 162, 150, 158, 151, 145, 178, 202, 183, 194, 183, 189, 189, 188, 185, 180, 175, 159, 168, 173, 148, 146, 138, 141, 143
179, 184, 192, 180, 164, 161, 169, 153, 162, 160, 162, 162, 161, 149, 158, 151, 145, 178, 203, 183, 194, 183, 189, 189, 188, 185, 181, 175, 160, 169, 173, 148, 148, 139, 142
170, 180, 186, 194, 181, 165, 163, 170, 154, 162, 160, 162, 162, 158, 148, 158, 152, 145, 178, 203, 183, 194, 183, 189, 189, 188, 185, 181, 175, 160, 169, 173, 149, 148, 139
169, 173, 183, 188, 196, 183, 167, 164, 171, 155, 164, 162, 163, 158, 158, 149, 159, 153, 146, 180, 203, 182, 194, 182, 189, 189, 188, 185, 180, 175, 160, 168, 173, 149, 148
182, 172, 177, 187, 192, 199, 186, 170, 166, 174, 159, 166, 165, 159, 162, 164, 152, 161, 154, 148, 181, 203, 182, 193, 182, 188, 188, 187, 184, 180, 174, 158, 168, 173, 149
189, 187, 177, 181, 191, 195, 203, 190, 174, 170, 179, 163, 172, 164, 165, 169, 168, 157, 165, 159, 151, 182, 205, 183, 194, 183, 189, 189, 188, 185, 180, 172, 159, 169, 173
206, 194, 193, 182, 185, 195, 200, 207, 193, 178, 175, 185, 170, 172, 170, 172, 174, 175, 163, 174, 164, 153, 185, 207, 185, 197, 184, 191, 191, 190, 187, 179, 175, 161, 171
211, 210, 199, 197, 185, 189, 199, 203, 211, 197, 182, 181, 192, 172, 178, 176, 177, 181, 181, 173, 179, 165, 156, 190, 212, 191, 201, 190, 195, 196, 194, 188, 184, 179, 165
221, 215, 214, 202, 200, 188, 192, 203, 206, 214, 201, 187, 188, 192, 175, 182, 180, 182, 187, 191, 176, 180, 169, 161, 195, 219, 196, 208, 195, 201, 201, 196, 196, 190, 184
221, 225, 218, 218, 204, 204, 192, 196, 206, 210, 217, 205, 193, 188, 196, 178, 186, 185, 188, 197, 194, 177, 183, 174, 166, 201, 224, 202, 214, 202, 206, 204, 204, 202, 196
225, 225, 228, 221, 220, 207, 207, 195, 199, 209, 212, 220, 210, 193, 190, 198, 182, 191, 191, 197, 200, 194, 181, 188, 178, 171, 206, 231, 207, 220, 206, 208, 212, 211, 208
235, 229, 228, 231, 224, 223, 210, 210, 198, 202, 211, 215, 225, 209, 195, 193, 202, 187, 196, 199, 199, 201, 198, 184, 192, 183, 175, 211, 235, 213, 224, 207, 216, 219, 216
237, 237, 231, 231, 233, 226, 226, 212, 213, 201, 204, 213, 219, 223, 211, 197, 196, 206, 191, 203, 201, 199, 204, 202, 187, 195, 186, 179, 215, 241, 216, 224, 214, 223, 223
242, 239, 239, 233, 233, 236, 230, 229, 215, 215, 203, 206, 217, 216, 225, 213, 200, 199, 209, 196, 205, 201, 202, 206, 204, 190, 198, 190, 181, 219, 242, 215, 231, 221, 226
236, 244, 241, 241, 235, 236, 239, 232, 232, 218, 217, 204, 208, 214, 218, 226, 215, 203, 202, 215, 198, 205, 202, 204, 208, 206, 191, 201, 193, 184, 221, 240, 221, 237, 224
242, 238, 245, 242, 242, 237, 239, 242, 236, 235, 220, 219, 206, 205, 215, 219, 228, 217, 205, 207, 216, 198, 206, 203, 205, 210, 208, 193, 202, 195, 187, 218, 248, 227, 240
231, 244, 239, 246, 243, 244, 239, 241, 245, 238, 236, 221, 221, 203, 206, 216, 221, 230, 219, 208, 208, 216, 198, 207, 204, 206, 211, 209, 195, 205, 197, 184, 224, 253, 230
226, 233, 245, 241, 247, 245, 245, 240, 244, 247, 240, 238, 222, 218, 204, 207, 217, 222, 232, 223, 209, 208, 217, 199, 207, 205, 206, 212, 210, 197, 206, 194, 190, 229, 255
225, 227, 234, 246, 241, 248, 246, 246, 242, 246, 249, 240, 239, 218, 218, 205, 208, 219, 224, 234, 223, 209, 208, 217, 200, 208, 206, 207, 214, 212, 197, 203, 199, 194, 231
211, 227, 228, 234, 247, 242, 249, 247, 248, 243, 248, 250, 241, 235, 219, 218, 205, 208, 220, 227, 235, 223, 209, 208, 217, 200, 208, 207, 208, 214, 212, 194, 208, 203, 197
201, 213, 227, 229, 235, 248, 244, 250, 248, 249, 244, 248, 251, 237, 236, 219, 219, 206, 209, 222, 227, 235, 223, 209, 208, 218, 200, 209, 208, 209, 214, 208, 198, 212, 205
192, 202, 214, 228, 229, 236, 248, 244, 251, 248, 249, 245, 249, 247, 238, 236, 219, 219, 207, 211, 223, 227, 234, 223, 209, 209, 218, 200, 209, 208, 209, 210, 213, 202, 214
193, 193, 203, 214, 228, 229, 236, 249, 245, 251, 249, 249, 246, 244, 246, 238, 236, 219, 220, 209, 211, 222, 227, 234, 223, 209, 209, 217, 200, 210, 208, 204, 214, 217, 204
189, 194, 194, 204, 215, 228, 230, 236, 249, 246, 251, 250, 249, 241, 244, 246, 238, 237, 219, 221, 209, 211, 222, 226, 233, 223, 209, 208, 217, 201, 209, 203, 208, 218, 218
178, 190, 194, 194, 204, 215, 229, 230, 236, 249, 246, 251, 250, 245, 241, 244, 246, 238, 236, 220, 221, 208, 211, 222, 226, 233, 223, 209, 208, 217, 200, 204, 207, 212, 219
176, 178, 191, 195, 194, 204, 215, 229, 230, 236, 249, 246, 251, 246, 244, 240, 244, 246, 238, 237, 220, 220, 208, 210, 221, 225, 233, 222, 209, 208, 217, 195, 208, 210, 212
123, 176, 179, 191, 195, 195, 204, 215, 229, 230, 236, 249, 246, 247, 245, 244, 240, 244, 245, 238, 237, 219, 220, 207, 209, 221, 225, 233, 222, 208, 208, 211, 198, 211, 210
94, 123, 177, 179, 191, 195, 195, 204, 215, 229, 229, 237, 248, 242, 247, 244, 244, 240, 244, 246, 238, 237, 219, 219, 206, 208, 220, 225, 233, 221, 207, 202, 215, 202, 212
117, 95, 123, 177, 179, 191, 194, 194, 203, 215, 229, 230, 236, 244, 241, 246, 244, 243, 238, 244, 246, 237, 236, 218, 218, 206, 208, 220, 224, 232, 221, 202, 206, 218, 202
102, 117, 95, 123, 176, 179, 191, 194, 194, 203, 215, 228, 229, 233, 244, 241, 245, 243, 242, 238, 244, 245, 237, 235, 217, 217, 205, 208, 220, 224, 231, 215, 204, 208, 218
103, 102, 117, 94, 123, 176, 178, 190, 194, 194, 203, 214, 228, 226, 232, 242, 240, 244, 242, 242, 238, 243, 244, 235, 233, 216, 217, 205, 207, 219, 223, 225, 217, 207, 208
118, 103, 102, 117, 94, 123, 175, 178, 190, 193, 194, 203, 213, 225, 225, 231, 242, 239, 243, 242, 242, 237, 242, 243, 234, 232, 216, 216, 204, 206, 218, 216, 228, 220, 207
116, 118, 103, 102, 116, 94, 122, 175, 177, 190, 193, 193, 202, 207, 224, 224, 230, 240, 238, 242, 241, 241, 236, 240, 241, 233, 231, 215, 215, 203, 205, 211, 219, 231, 220
111, 116, 117, 103, 102, 116, 94, 122, 174, 177, 189, 192, 192, 196, 206, 222, 222, 230, 239, 237, 241, 239, 239, 234, 239, 240, 232, 230, 214, 214, 202, 199, 214, 221, 231
92, 111, 115, 117, 102, 101, 115, 93, 122, 174, 175, 187, 191, 186, 196, 206, 222, 221, 229, 238, 235, 240, 238, 238, 233, 237, 239, 231, 229, 213, 213, 196, 201, 217, 221
78, 92, 111, 115, 116, 102, 101, 115, 93, 121, 173, 175, 186, 186, 186, 195, 205, 220, 220, 228, 236, 234, 239, 237, 236, 232, 236, 237, 230, 228, 212, 206, 198, 203, 216
81, 78, 91, 110, 114, 116, 101, 100, 114, 92, 120, 172, 174, 182, 185, 185, 194, 204, 219, 219, 226, 235, 233, 238, 236, 235, 231, 235, 236, 229, 226, 205, 208, 200, 202
88, 80, 77, 91, 109, 113, 115, 100, 100, 113, 92, 119, 171, 170, 181, 184, 184, 193, 203, 218, 217, 225, 234, 231, 236, 235, 235, 229, 234, 235, 228, 219, 207, 211, 200
79, 87, 80, 76, 90, 108, 112, 114, 99, 99, 112, 91, 118, 166, 169, 180, 183, 183, 192, 203, 216, 216, 223, 232, 230, 235, 233, 233, 228, 233, 233, 220, 221, 209, 209
75, 78, 86, 79, 76, 89, 108, 112, 113, 98, 98, 112, 90, 115, 165, 168, 179, 182, 182, 191, 201, 215, 215, 222, 231, 229, 234, 232, 232, 227, 231, 226, 222, 223, 208
71, 74, 77, 86, 78, 75, 89, 107, 111, 112, 97, 97, 111, 88, 114, 164, 166, 178, 181, 181, 190, 200, 213, 213, 220, 229, 227, 232, 230, 231, 225, 223, 227, 223, 222
68, 70, 73, 77, 85, 77, 74, 88, 105, 109, 111, 96, 97, 108, 87, 113, 162, 165, 176, 180, 180, 188, 199, 212, 212, 219, 228, 226, 231, 229, 229, 219, 224, 229, 222
66, 67, 69, 73, 76, 84, 77, 74, 87, 104, 108, 110, 95, 94, 107, 86, 112, 161, 164, 175, 179, 178, 187, 197, 211, 210, 217, 226, 224, 230, 227, 222, 220, 226, 228
62, 64, 66, 68, 72, 74, 83, 75, 73, 86, 103, 107, 108, 93, 93, 106, 86, 111, 160, 162, 174, 177, 177, 186, 196, 209, 208, 215, 224, 223, 228, 220, 223, 221, 225
58, 61, 64, 65, 67, 70, 73, 82, 74, 72, 84, 101, 106, 105, 91, 92, 105, 85, 110, 158, 161, 172, 176, 176, 184, 194, 207, 207, 214, 223, 221, 221, 221, 224, 220
55, 57, 60, 62, 64, 66, 69, 72, 80, 73, 71, 83, 100, 103, 104, 90, 91, 104, 84, 109, 157, 159, 171, 174, 174, 182, 192, 205, 205, 212, 220, 214, 221, 222, 223
49, 54, 56, 59, 61, 63, 65, 68, 71, 79, 71, 69, 82, 97, 102, 103, 89, 90, 102, 83, 108, 155, 157, 169, 172, 173, 180, 190, 203, 203, 210, 214, 214, 221, 220
45, 48, 53, 54, 57, 60, 61, 64, 67, 69, 78, 70, 68, 79, 96, 100, 102, 88, 89, 101, 82, 107, 153, 155, 167, 170, 171, 178, 189, 202, 201, 204, 214, 214, 220
43, 44, 47, 51, 53, 56, 58, 60, 62, 65, 68, 76, 69, 66, 78, 94, 98, 100, 87, 88, 100, 81, 105, 151, 153, 165, 168, 169, 176, 187, 199, 195, 203, 214, 212
40, 42, 43, 45, 50, 51, 55, 57, 58, 61, 64, 66, 74, 66, 65, 76, 93, 97, 98, 85, 87, 99, 80, 104, 149, 151, 163, 166, 167, 174, 184, 193, 194, 203, 211
38, 38, 40, 42, 44, 48, 50, 53, 55, 56, 60, 62, 65, 71, 65, 63, 75, 91, 95, 97, 84, 85, 97, 79, 102, 147, 149, 161, 164, 165, 172, 178, 193, 194, 201
36, 36, 37, 39, 40, 43, 47, 48, 51, 53, 55, 58, 60, 62, 70, 64, 62, 73, 90, 93, 95, 82, 84, 95, 77, 101, 145, 147, 158, 162, 162, 167, 177, 191, 191
34, 34, 35, 35, 37, 39, 41, 45, 47, 50, 52, 53, 57, 57, 60, 68, 62, 60, 72, 88, 91, 93, 80, 82, 93, 76, 99, 142, 145, 156, 159, 157, 166, 176, 188
31, 32, 33, 33, 34, 36, 37, 40, 44, 45, 48, 50, 51, 54, 55, 59, 66, 60, 59, 70, 86, 89, 91, 78, 80, 92, 75, 97, 140, 142, 154, 154, 156, 164, 173
30, 29, 31, 31, 32, 32, 34, 36, 38, 42, 43, 47, 48, 49, 52, 54, 57, 64, 59, 57, 69, 83, 87, 89, 76, 79, 90, 73, 95, 136, 139, 148, 152, 154, 161
29, 28, 28, 29, 30, 30, 31, 32, 34, 36, 41, 41, 45, 45, 47, 50, 52, 55, 62, 57, 56, 67, 81, 85, 86, 75, 77, 88, 71, 93, 133, 134, 146, 151, 150
28, 27, 27, 26, 28, 28, 28, 29, 31, 33, 34, 39, 40, 42, 43, 45, 48, 50, 53, 60, 55, 54, 65, 79, 82, 84, 72, 75, 85, 69, 90, 128, 131, 144, 147
26, 26, 25, 25, 24, 26, 26, 26, 27, 29, 31, 33, 37, 35, 39, 41, 43, 47, 48, 51, 58, 53, 52, 63, 76, 80, 82, 70, 73, 83, 67, 86, 125, 129, 141
24, 24, 24, 24, 23, 23, 24, 25, 24, 25, 27, 29, 31, 31, 34, 38, 40, 41, 45, 46, 49, 55, 52, 51, 61, 73, 77, 79, 68, 71, 81, 64, 84, 123, 125
22, 22, 22, 22, 22, 22, 21, 22, 23, 23, 23, 26, 27, 26, 31, 32, 36, 37, 39, 42, 44, 47, 53, 50, 49, 59, 71, 74, 77, 66, 68, 77, 62, 83, 119
21, 20, 21, 20, 20, 20, 20, 19, 20, 21, 21, 22, 24, 23, 25, 29, 31, 34, 35, 37, 40, 42, 45, 51, 48, 47, 56, 68, 71, 74, 63, 65, 75, 60, 80
20, 19, 18, 19, 19, 19, 18, 18, 18, 19, 19, 20, 21, 20, 22, 24, 27, 29, 32, 34, 35, 38, 40, 43, 48, 45, 45, 54, 66, 68, 71, 60, 63, 72, 58
16, 18, 17, 17, 17, 17, 17, 16, 17, 16, 17, 18, 18, 19, 20, 21, 22, 26, 27, 30, 32, 33, 36, 38, 40, 45, 43, 42, 51, 63, 65, 67, 57, 60, 69
13, 15, 16, 16, 15, 15, 15, 15, 15, 15, 14, 16, 16, 17, 18, 18, 19, 21, 24, 25, 28, 30, 31, 34, 35, 38, 43, 41, 40, 49, 59, 61, 63, 54, 57
12, 12, 13, 14, 14, 14, 14, 13, 14, 13, 13, 13, 14, 15, 15, 16, 17, 18, 19, 22, 23, 26, 28, 29, 32, 33, 35, 40, 38, 38, 46, 55, 57, 60, 51
9, 10, 10, 12, 13, 12, 12, 12, 12, 12, 12, 12, 12, 13, 13, 14, 15, 15, 16, 17, 21, 21, 24, 25, 27, 29, 31, 33, 38, 36, 35, 43, 51, 54, 56
7, 8, 9, 9, 10, 11, 11, 11, 10, 11, 10, 10, 11, 10, 11, 12, 12, 13, 14, 15, 16, 19, 20, 22, 23, 25, 27, 28, 30, 35, 33, 33, 40, 48, 50
27, 29, 33, 36, 39, 42, 45, 47, 49, 50, 51, 53, 55, 55, 57, 59, 62, 65, 67, 71, 75, 80, 86, 93, 101, 110, 118, 128, 138, 149, 163, 172, 176, 189, 208
First matrix of mor_eig_mat[0]:
0.0071, 0.0003, 0.0003, 0.0003, 0.0004, 0.0002, 0.0002, 0.0002, 0.0001, 0.0001, 0.0003, 0.0001, 0.0001, 0.00479594, 0.0001, 0.0003, 0.0002, 0.0002, 0.0003, 0.0003, 0.0004, 0.0005, 0.0005, 0.0004, 0.0004, 0.0004, 0.0004, 0.0003, 0.0003, 0.0003, 0.0004, 0.0004, 0.0005, 0.0005
0.0004, 0.0003, 0.0003, 0.0003, 0.0002, 0.0002, 0.0002, 0.0002, 0.0001, 0.0002, 0.0003, 0.0001, 0.0001, 0.00230475, 0.0003, 0.00196757, 0.00157639, 0.0002, 0.0003, 0.0005, 0.0004, 0.0005, 0.0005, 0.0004, 0.0003, 0.0004, 0.0004, 0.0003, 0.0003, 0.0004, 0.0004, 0.0025575, 0.0005, 0.0005
0.0004, 0.0003, 0.0003, 0.0001, 0.0002, 0.0002, 0.0002, 0.0002, 0.0002, 0.0002, 0.0003, 0.0001, 0.0001, 0.00316149, 0.00374904, 0.00236692, 0.0002, 0.0002, 0.0004, 0.0005, 0.0004, 0.0005, 0.0005, 0.0003, 0.0003, 0.0004, 0.0004, 0.0003, 0.0005, 0.0004, 0.0004, 0.00495809, 0.0005, 0.0006
0.0004, 0.0003, 0.0003, 0.0001, 0.0002, 0.0002, 0.0002, 0.0002, 0.0002, 0.0002, 0.0003, 0.0001, 0.0003, 0.00640191, 0.0042604, 0.00235804, 0.0002, 0.0006, 0.0004, 0.0005, 0.0004, 0.0005, 0.0004, 0.0003, 0.0003, 0.0004, 0.0004, 0.0005, 0.0005, 0.0004, 0.0004, 0.00659645, 0.0006, 0.0006
0.0004, 0.0002, 0.0003, 0.0001, 0.0002, 0.0002, 0.0003, 0.0002, 0.0002, 0.0002, 0.0003, 0.0004, 0.0003, 0.00727436, 0.00410677, 0.0003, 0.0005, 0.0006, 0.0004, 0.0005, 0.0004, 0.0004, 0.0004, 0.0003, 0.0003, 0.0004, 0.0004, 0.0005, 0.0005, 0.0004, 0.0004, 0.00775341, 0.0006, 0.0006
0.0002, 0.0002, 0.0003, 0.0001, 0.0002, 0.0003, 0.0003, 0.0002, 0.0002, 0.0002, 0.0003, 0.0028195, 0.00328712, 0.0104931, 0.0003, 0.0006, 0.0005, 0.0006, 0.0004, 0.0005, 0.0004, 0.0004, 0.0004, 0.0003, 0.0003, 0.0005, 0.0004, 0.0005, 0.0005, 0.0004, 0.0006, 0.00462291, 0.0006, 0.0006
0.0002, 0.0002, 0.0003, 0.0001, 0.0003, 0.0003, 0.0003, 0.0002, 0.0002, 0.0004, 0.0003, 0.0004, 0.00447633, 0.00596193, 0.00726881, 0.0006, 0.0005, 0.0006, 0.0004, 0.0005, 0.0004, 0.0004, 0.0004, 0.0003, 0.0005, 0.0005, 0.0004, 0.0005, 0.0005, 0.0006, 0.0006, 0.00694552, 0.0006, 0.0006
0.0002, 0.0002, 0.0003, 0.0003, 0.0003, 0.0003, 0.0003, 0.0002, 0.0004, 0.0004, 0.00402587, 0.00518498, 0.00245889, 0.019047, 0.0007, 0.0006, 0.0005, 0.0006, 0.0005, 0.0005, 0.0004, 0.0004, 0.0004, 0.0006, 0.0005, 0.0005, 0.0004, 0.0005, 0.0006, 0.0006, 0.0006, 0.00869581, 0.0006, 0.001
0.0002, 0.0002, 0.0004, 0.0003, 0.0003, 0.0003, 0.0003, 0.0004, 0.0004, 0.0004, 0.00324136, 0.00249089, 0.0006, 0.026643, 0.0007, 0.0006, 0.0005, 0.0007, 0.0005, 0.0005, 0.0004, 0.0004, 0.0004, 0.0006, 0.0005, 0.0005, 0.0004, 0.0007, 0.0006, 0.0006, 0.0006, 0.0102646, 0.0011, 0.001
0.0002, 0.0002, 0.0004, 0.0003, 0.0003, 0.0003, 0.0005, 0.0004, 0.00174953, 0.00224388, 0.0003, 0.0007, 0.0006, 0.0238482, 0.0007, 0.0006, 0.0005, 0.0007, 0.0005, 0.0005, 0.0004, 0.0005, 0.0004, 0.0006, 0.0005, 0.0005, 0.0006, 0.0007, 0.0006, 0.0006, 0.0006, 0.0116543, 0.0011, 0.001
0.0003, 0.0002, 0.0004, 0.0003, 0.0003, 0.0005, 0.0005, 0.00176214, 0.00319226, 0.0018943, 0.0007, 0.0007, 0.0006, 0.00745739, 0.0007, 0.0005, 0.0005, 0.0007, 0.0005, 0.0005, 0.0004, 0.0005, 0.0004, 0.0006, 0.0005, 0.0007, 0.0006, 0.0007, 0.0006, 0.0006, 0.001, 0.00457668, 0.0011, 0.001
0.0003, 0.0002, 0.0004, 0.0003, 0.0005, 0.0005, 0.00190836, 0.002609, 0.0004, 0.0007, 0.0007, 0.0007, 0.0006, 0.0008, 0.0004, 0.0005, 0.0005, 0.0007, 0.0005, 0.0006, 0.0004, 0.0005, 0.0004, 0.0006, 0.0007, 0.0007, 0.0006, 0.0007, 0.0006, 0.001, 0.001, 0.00475244, 0.0011, 0.001
0.0003, 0.0002, 0.0004, 0.0005, 0.00185747, 0.00335011, 0.00271023, 0.0004, 0.0006, 0.0007, 0.0007, 0.0007, 0.0006, 0.0006, 0.0004, 0.0005, 0.0005, 0.0007, 0.0005, 0.0006, 0.0004, 0.0005, 0.0004, 0.0006, 0.0007, 0.0007, 0.0006, 0.0007, 0.0009, 0.001, 0.001, 0.00746343, 0.0011, 0.0017
0.0003, 0.0002, 0.0005, 0.0005, 0.00197301, 0.00227148, 0.0005, 0.0008, 0.0006, 0.0007, 0.0007, 0.0007, 0.0006, 0.0006, 0.0004, 0.0005, 0.0005, 0.0005, 0.0005, 0.0006, 0.0004, 0.0005, 0.0006, 0.0006, 0.0007, 0.0007, 0.0006, 0.0011, 0.0009, 0.001, 0.001, 0.00711333, 0.0018, 0.0017
0.0003, 0.0005, 0.0005, 0.00252665, 0.00296351, 0.0005, 0.0007, 0.0008, 0.0006, 0.0007, 0.0007, 0.0007, 0.0006, 0.0006, 0.0004, 0.0005, 0.0006, 0.0005, 0.0005, 0.0006, 0.0004, 0.0007, 0.0006, 0.0006, 0.0007, 0.0007, 0.0011, 0.0011, 0.0009, 0.001, 0.001, 0.00862261, 0.0018, 0.0017
0.0005, 0.0005, 0.0024347, 0.0005, 0.0005, 0.0007, 0.0007, 0.0008, 0.0006, 0.0007, 0.0006, 0.0007, 0.0006, 0.0006, 0.0004, 0.0006, 0.0006, 0.0005, 0.0005, 0.0006, 0.0008, 0.0007, 0.0006, 0.0006, 0.0007, 0.0011, 0.0011, 0.0011, 0.0009, 0.001, 0.0016, 0.0019, 0.0018, 0.0017
0.0005, 0.0017146, 0.00365231, 0.0005, 0.0007, 0.0007, 0.0007, 0.0008, 0.0006, 0.0006, 0.0006, 0.0007, 0.0006, 0.00473125, 0.0007, 0.0006, 0.0006, 0.0005, 0.0005, 0.0008, 0.0008, 0.0007, 0.0006, 0.0006, 0.0013, 0.0011, 0.0011, 0.0011, 0.0009, 0.0017, 0.0016, 0.0019, 0.0018, 0.0017
0.0005, 0.0005, 0.0005, 0.0008, 0.0007, 0.0007, 0.0007, 0.0008, 0.0006, 0.0006, 0.0006, 0.0007, 0.0006, 0.00981942, 0.0007, 0.0006, 0.0006, 0.0005, 0.0009, 0.0008, 0.0008, 0.0007, 0.0006, 0.0012, 0.0013, 0.0011, 0.0011, 0.0011, 0.0018, 0.0017, 0.0016, 0.0019, 0.0018, 0.0028
0.0005, 0.0005, 0.0008, 0.0008, 0.0007, 0.0007, 0.0007, 0.0006, 0.0006, 0.0006, 0.0006, 0.0007, 0.0006, 0.0122869, 0.0007, 0.0006, 0.0006, 0.0009, 0.0009, 0.0008, 0.0008, 0.0007, 0.0012, 0.0012, 0.0013, 0.0011, 0.0011, 0.0017, 0.0018, 0.0017, 0.0016, 0.0019, 0.003, 0.0028
0.0005, 0.0007, 0.0008, 0.0008, 0.0007, 0.0007, 0.0007, 0.0006, 0.0006, 0.0006, 0.0006, 0.0007, 0.0006, 0.0117657, 0.0007, 0.0006, 0.0009, 0.0009, 0.0009, 0.0008, 0.0008, 0.001, 0.0012, 0.0012, 0.0013, 0.0011, 0.0017, 0.0017, 0.0018, 0.0017, 0.0016, 0.0029, 0.003, 0.0028
0.0008, 0.0007, 0.0008, 0.0008, 0.0007, 0.0006, 0.0007, 0.0006, 0.0006, 0.0006, 0.0008, 0.0007, 0.0006, 0.0145551, 0.0007, 0.001, 0.0009, 0.0009, 0.0009, 0.0008, 0.0013, 0.001, 0.0012, 0.0012, 0.0013, 0.0019, 0.0017, 0.0017, 0.0018, 0.0017, 0.0028, 0.0029, 0.003, 0.0028
0.0008, 0.0007, 0.0008, 0.0008, 0.0007, 0.0006, 0.0007, 0.0006, 0.0006, 0.0007, 0.0008, 0.0007, 0.0006, 0.0125755, 0.0009, 0.001, 0.0009, 0.0009, 0.0009, 0.0012, 0.0013, 0.001, 0.0012, 0.0012, 0.0017, 0.0019, 0.0017, 0.0017, 0.0018, 0.0026, 0.0028, 0.0029, 0.003, 0.0028
0.0008, 0.0007, 0.0008, 0.0006, 0.0007, 0.0006, 0.0007, 0.0006, 0.0008, 0.0007, 0.0008, 0.0007, 0.0006, 0.0138464, 0.0009, 0.001, 0.0009, 0.0009, 0.0014, 0.0012, 0.0013, 0.001, 0.0012, 0.002, 0.0017, 0.0019, 0.0017, 0.0017, 0.0028, 0.0026, 0.0028, 0.0029, 0.003, 0.0049
0.0008, 0.0007, 0.0008, 0.0006, 0.0007, 0.0006, 0.0007, 0.0008, 0.0008, 0.0007, 0.0008, 0.0007, 0.0011, 0.0159362, 0.0009, 0.001, 0.0009, 0.0015, 0.0014, 0.0012, 0.0013, 0.001, 0.0019, 0.002, 0.0017, 0.0019, 0.0017, 0.0031, 0.0028, 0.0026, 0.0028, 0.0029, 0.0046, 0.0049
0.0008, 0.0008, 0.0008, 0.0006, 0.0007, 0.0006, 0.0008, 0.0008, 0.0008, 0.0007, 0.0008, 0.001, 0.0011, 0.014405, 0.0009, 0.001, 0.0016, 0.0015, 0.0014, 0.0012, 0.0013, 0.0022, 0.0019, 0.002, 0.0017, 0.0019, 0.0031, 0.0031, 0.0028, 0.0026, 0.0028, 0.0051, 0.0046, 0.0049
0.0008, 0.0008, 0.0008, 0.0006, 0.0007, 0.0008, 0.0008, 0.0008, 0.0008, 0.0007, 0.0013, 0.001, 0.0011, 0.0148649, 0.0009, 0.0015, 0.0016, 0.0015, 0.0014, 0.0012, 0.0022, 0.0022, 0.0019, 0.002, 0.0017, 0.0031, 0.0031, 0.0031, 0.0028, 0.0026, 0.0047, 0.0051, 0.0046, 0.0049
0.0008, 0.0008, 0.0008, 0.0006, 0.0008, 0.0008, 0.0008, 0.0008, 0.0008, 0.001, 0.0013, 0.001, 0.0011, 0.0151846, 0.0016, 0.0015, 0.0016, 0.0015, 0.0014, 0.002, 0.0022, 0.0022, 0.0019, 0.002, 0.003, 0.0031, 0.0031, 0.0031, 0.0028, 0.0045, 0.0047, 0.0051, 0.0046, 0.0049
0.0008, 0.0008, 0.0008, 0.0007, 0.0008, 0.0008, 0.0008, 0.0008, 0.0011, 0.001, 0.0013, 0.001, 0.0011, 0.017496, 0.0016, 0.0015, 0.0016, 0.0015, 0.0024, 0.002, 0.0022, 0.0022, 0.0019, 0.0034, 0.003, 0.0031, 0.0031, 0.0031, 0.005, 0.0045, 0.0047, 0.0051, 0.0046, 0.0081
0.0008, 0.0008, 0.0009, 0.0007, 0.0008, 0.0008, 0.0008, 0.001, 0.0011, 0.001, 0.0013, 0.001, 0.0016, 0.0153092, 0.0016, 0.0015, 0.0016, 0.0023, 0.0024, 0.002, 0.0022, 0.0022, 0.0031, 0.0034, 0.003, 0.0031, 0.0031, 0.0048, 0.005, 0.0045, 0.0047, 0.0051, 0.0081, 0.0081
0.0008, 0.0009, 0.0009, 0.0007, 0.0008, 0.0008, 0.0012, 0.001, 0.0011, 0.001, 0.0013, 0.0016, 0.0016, 0.015101, 0.0016, 0.0015, 0.0023, 0.0023, 0.0024, 0.002, 0.0022, 0.0036, 0.0031, 0.0034, 0.003, 0.0031, 0.0053, 0.0048, 0.005, 0.0045, 0.0047, 0.0086, 0.0081, 0.0081
0.0009, 0.0009, 0.0009, 0.0007, 0.0008, 0.0013, 0.0012, 0.001, 0.0011, 0.001, 0.0018, 0.0016, 0.0016, 0.0138754, 0.0016, 0.0024, 0.0023, 0.0023, 0.0024, 0.002, 0.0039, 0.0036, 0.0031, 0.0034, 0.003, 0.0054, 0.0053, 0.0048, 0.005, 0.0045, 0.0079, 0.0086, 0.0081, 0.0081
0.0009, 0.0009, 0.0009, 0.0007, 0.0013, 0.0013, 0.0012, 0.001, 0.0011, 0.0017, 0.0018, 0.0016, 0.0016, 0.00817183, 0.0024, 0.0024, 0.0023, 0.0023, 0.0024, 0.0039, 0.0039, 0.0036, 0.0031, 0.0034, 0.0058, 0.0054, 0.0053, 0.0048, 0.005, 0.0077, 0.0079, 0.0086, 0.0081, 0.0081
0.0009, 0.0009, 0.0009, 0.001, 0.0013, 0.0013, 0.0012, 0.001, 0.0017, 0.0017, 0.0018, 0.0016, 0.0016, 0.0102733, 0.0024, 0.0024, 0.0023, 0.0023, 0.004, 0.0039, 0.0039, 0.0036, 0.0031, 0.0057, 0.0058, 0.0054, 0.0053, 0.0048, 0.0082, 0.0077, 0.0079, 0.0086, 0.0081, 0.0135
0.0009, 0.0009, 0.0012, 0.001, 0.0013, 0.0013, 0.0012, 0.0019, 0.0017, 0.0017, 0.0018, 0.0016, 0.0027, 0.0119353, 0.0024, 0.0024, 0.0023, 0.0041, 0.004, 0.0039, 0.0039, 0.0036, 0.0058, 0.0057, 0.0058, 0.0054, 0.0053, 0.0082, 0.0082, 0.0077, 0.0079, 0.0086, 0.0132, 0.0135
0.0009, 0.0012, 0.0012, 0.001, 0.0013, 0.0013, 0.002, 0.0019, 0.0017, 0.0017, 0.0018, 0.0025, 0.0027, 0.00777463, 0.0024, 0.0024, 0.004, 0.0041, 0.004, 0.0039, 0.0039, 0.0059, 0.0058, 0.0057, 0.0058, 0.0054, 0.0082, 0.0082, 0.0082, 0.0077, 0.0079, 0.0126, 0.0132, 0.0135
0.0014, 0.0012, 0.0012, 0.001, 0.0013, 0.0018, 0.002, 0.0019, 0.0017, 0.0017, 0.0027, 0.0025, 0.0027, 0.00828438, 0.0024, 0.0044, 0.004, 0.0041, 0.004, 0.0039, 0.0057, 0.0059, 0.0058, 0.0057, 0.0058, 0.0085, 0.0082, 0.0082, 0.0082, 0.0077, 0.012, 0.0126, 0.0132, 0.0135
0.0014, 0.0012, 0.0012, 0.001, 0.002, 0.0018, 0.002, 0.0019, 0.0017, 0.0025, 0.0027, 0.0025, 0.0027, 0.0047837, 0.0042, 0.0044, 0.004, 0.0041, 0.004, 0.006, 0.0057, 0.0059, 0.0058, 0.0057, 0.0084, 0.0085, 0.0082, 0.0082, 0.0082, 0.0119, 0.012, 0.0126, 0.0132, 0.0135
0.0014, 0.0012, 0.0012, 0.002, 0.002, 0.0018, 0.002, 0.0019, 0.0028, 0.0025, 0.0027, 0.0025, 0.0027, 0.0222914, 0.0042, 0.0044, 0.004, 0.0041, 0.0066, 0.006, 0.0057, 0.0059, 0.0058, 0.0088, 0.0084, 0.0085, 0.0082, 0.0082, 0.0125, 0.0119, 0.012, 0.0126, 0.0132, 0.0203
0.0014, 0.0012, 0.0021, 0.002, 0.002, 0.0018, 0.002, 0.0026, 0.0028, 0.0025, 0.0027, 0.0025, 0.0043, 0.0228785, 0.0042, 0.0044, 0.004, 0.0065, 0.0066, 0.006, 0.0057, 0.0059, 0.0097, 0.0088, 0.0084, 0.0085, 0.0082, 0.0129, 0.0125, 0.0119, 0.012, 0.0126, 0.0216, 0.0203
0.0014, 0.0019, 0.0021, 0.002, 0.002, 0.0018, 0.0031, 0.0026, 0.0028, 0.0025, 0.0027, 0.0047, 0.0043, 0.0206676, 0.0042, 0.0044, 0.0066, 0.0065, 0.0066, 0.006, 0.0057, 0.0089, 0.0097, 0.0088, 0.0084, 0.0085, 0.0133, 0.0129, 0.0125, 0.0119, 0.012, 0.0214, 0.0216, 0.0203
0.0021, 0.0019, 0.0021, 0.002, 0.002, 0.0036, 0.0031, 0.0026, 0.0028, 0.0025, 0.0042, 0.0047, 0.0043, 0.0186974, 0.0042, 0.0075, 0.0066, 0.0065, 0.0066, 0.006, 0.0094, 0.0089, 0.0097, 0.0088, 0.0084, 0.0139, 0.0133, 0.0129, 0.0125, 0.0119, 0.0205, 0.0214, 0.0216, 0.0203
0.0021, 0.0019, 0.0021, 0.002, 0.0032, 0.0036, 0.0031, 0.0026, 0.0028, 0.0047, 0.0042, 0.0047, 0.0043, 0.00551384, 0.0072, 0.0075, 0.0066, 0.0065, 0.0066, 0.0099, 0.0094, 0.0089, 0.0097, 0.0088, 0.0138, 0.0139, 0.0133, 0.0129, 0.0125, 0.0202, 0.0205, 0.0214, 0.0216, 0.0203
0.0021, 0.0019, 0.0021, 0.0034, 0.0032, 0.0036, 0.0031, 0.0026, 0.0049, 0.0047, 0.0042, 0.0047, 0.0043, 0.0122256, 0.0072, 0.0075, 0.0066, 0.0065, 0.0106, 0.0099, 0.0094, 0.0089, 0.0097, 0.0145, 0.0138, 0.0139, 0.0133, 0.0129, 0.0224, 0.0202, 0.0205, 0.0214, 0.0216, 0.0356
0.0021, 0.0019, 0.0037, 0.0034, 0.0032, 0.0036, 0.0031, 0.0053, 0.0049, 0.0047, 0.0042, 0.0047, 0.0084, 0.0113075, 0.0072, 0.0075, 0.0066, 0.0112, 0.0106, 0.0099, 0.0094, 0.0089, 0.0152, 0.0145, 0.0138, 0.0139, 0.0133, 0.0229, 0.0224, 0.0202, 0.0205, 0.0214, 0.0369, 0.0356
0.0021, 0.0034, 0.0037, 0.0034, 0.0032, 0.0036, 0.0059, 0.0053, 0.0049, 0.0047, 0.0042, 0.0082, 0.0084, 0.0168879, 0.0072, 0.0075, 0.0116, 0.0112, 0.0106, 0.0099, 0.0094, 0.0164, 0.0152, 0.0145, 0.0138, 0.0139, 0.0225, 0.0229, 0.0224, 0.0202, 0.0205, 0.036, 0.0369, 0.0356
0.004, 0.0034, 0.0037, 0.0034, 0.0032, 0.0058, 0.0059, 0.0053, 0.0049, 0.0047, 0.0079, 0.0082, 0.0084, 0.0120088, 0.0072, 0.0117, 0.0116, 0.0112, 0.0106, 0.0099, 0.0166, 0.0164, 0.0152, 0.0145, 0.0138, 0.0239, 0.0225, 0.0229, 0.0224, 0.0202, 0.0355, 0.036, 0.0369, 0.0356
0.004, 0.0034, 0.0037, 0.0034, 0.006, 0.0058, 0.0059, 0.0053, 0.0049, 0.0083, 0.0079, 0.0082, 0.0084, 0.0076, 0.0123, 0.0117, 0.0116, 0.0112, 0.0106, 0.0163, 0.0166, 0.0164, 0.0152, 0.0145, 0.0244, 0.0239, 0.0225, 0.0229, 0.0224, 0.0353, 0.0355, 0.036, 0.0369, 0.0356
0.004, 0.0034, 0.0037, 0.0061, 0.006, 0.0058, 0.0059, 0.0053, 0.0091, 0.0083, 0.0079, 0.0082, 0.0084, 0.0133, 0.0123, 0.0117, 0.0116, 0.0112, 0.0183, 0.0163, 0.0166, 0.0164, 0.0152, 0.026, 0.0244, 0.0239, 0.0225, 0.0229, 0.0359, 0.0353, 0.0355, 0.036, 0.0369, 0.0667
0.004, 0.0034, 0.0061, 0.0061, 0.006, 0.0058, 0.0059, 0.0092, 0.0091, 0.0083, 0.0079, 0.0082, 0.0131, 0.0133, 0.0123, 0.0117, 0.0116, 0.0191, 0.0183, 0.0163, 0.0166, 0.0164, 0.0265, 0.026, 0.0244, 0.0239, 0.0225, 0.0374, 0.0359, 0.0353, 0.0355, 0.036, 0.0692, 0.0667
0.004, 0.0067, 0.0061, 0.0061, 0.006, 0.0058, 0.0097, 0.0092, 0.0091, 0.0083, 0.0079, 0.0133, 0.0131, 0.0133, 0.0123, 0.0117, 0.0183, 0.0191, 0.0183, 0.0163, 0.0166, 0.026, 0.0265, 0.026, 0.0244, 0.0239, 0.0384, 0.0374, 0.0359, 0.0353, 0.0355, 0.0637, 0.0692, 0.0667
0.0068, 0.0067, 0.0061, 0.0061, 0.006, 0.0107, 0.0097, 0.0092, 0.0091, 0.0083, 0.0144, 0.0133, 0.0131, 0.0133, 0.0123, 0.0217, 0.0183, 0.0191, 0.0183, 0.0163, 0.0271, 0.026, 0.0265, 0.026, 0.0244, 0.041, 0.0384, 0.0374, 0.0359, 0.0353, 0.064, 0.0637, 0.0692, 0.0667
0.0068, 0.0067, 0.0061, 0.0061, 0.0105, 0.0107, 0.0097, 0.0092, 0.0091, 0.016, 0.0144, 0.0133, 0.0131, 0.0133, 0.0212, 0.0217, 0.0183, 0.0191, 0.0183, 0.0286, 0.0271, 0.026, 0.0265, 0.026, 0.041, 0.041, 0.0384, 0.0374, 0.0359, 0.0635, 0.064, 0.0637, 0.0692, 0.0667
0.0068, 0.0067, 0.0061, 0.0105, 0.0105, 0.0107, 0.0097, 0.0092, 0.0162, 0.016, 0.0144, 0.0133, 0.0131, 0.023, 0.0212, 0.0217, 0.0183, 0.0191, 0.0303, 0.0286, 0.0271, 0.026, 0.0265, 0.0433, 0.041, 0.041, 0.0384, 0.0374, 0.0628, 0.0635, 0.064, 0.0637, 0.0692, 0.1371
0.0068, 0.0067, 0.0109, 0.0105, 0.0105, 0.0107, 0.0097, 0.0167, 0.0162, 0.016, 0.0144, 0.0133, 0.0226, 0.023, 0.0212, 0.0217, 0.0183, 0.0322, 0.0303, 0.0286, 0.0271, 0.026, 0.0423, 0.0433, 0.041, 0.041, 0.0384, 0.0655, 0.0628, 0.0635, 0.064, 0.0637, 0.1528, 0.1371
0.0068, 0.0125, 0.0109, 0.0105, 0.0105, 0.0107, 0.0179, 0.0167, 0.0162, 0.016, 0.0144, 0.0235, 0.0226, 0.023, 0.0212, 0.0217, 0.0307, 0.0322, 0.0303, 0.0286, 0.0271, 0.0472, 0.0423, 0.0433, 0.041, 0.041, 0.0666, 0.0655, 0.0628, 0.0635, 0.064, 0.14363, 0.1528, 0.1371
0.012, 0.0125, 0.0109, 0.0105, 0.0105, 0.018, 0.0179, 0.0167, 0.0162, 0.016, 0.0245, 0.0235, 0.0226, 0.023, 0.0212, 0.032, 0.0307, 0.0322, 0.0303, 0.0286, 0.0452, 0.0472, 0.0423, 0.0433, 0.041, 0.0637, 0.0666, 0.0655, 0.0628, 0.0635, 0.1233, 0.14363, 0.1528, 0.1371
0.012, 0.0125, 0.0109, 0.0105, 0.0179, 0.018, 0.0179, 0.0167, 0.0162, 0.0251, 0.0245, 0.0235, 0.0226, 0.023, 0.0348, 0.032, 0.0307, 0.0322, 0.0303, 0.0469, 0.0452, 0.0472, 0.0423, 0.0433, 0.0706, 0.0637, 0.0666, 0.0655, 0.0628, 0.1222, 0.1233, 0.14363, 0.1528, 0.1371
0.012, 0.0125, 0.0109, 0.0184, 0.0179, 0.018, 0.0179, 0.0167, 0.0274, 0.0251, 0.0245, 0.0235, 0.0226, 0.0373, 0.0348, 0.032, 0.0307, 0.0322, 0.0488, 0.0469, 0.0452, 0.0472, 0.0423, 0.0682, 0.0706, 0.0637, 0.0666, 0.0655, 0.1234, 0.1222, 0.1233, 0.14363, 0.1528, 0.1371
0.012, 0.0125, 0.0203, 0.0184, 0.0179, 0.018, 0.0179, 0.027, 0.0274, 0.0251, 0.0245, 0.0235, 0.034, 0.0373, 0.0348, 0.032, 0.0307, 0.0521, 0.0488, 0.0469, 0.0452, 0.0472, 0.0699, 0.0682, 0.0706, 0.0637, 0.0666, 0.1289, 0.1234, 0.1222, 0.1233, 0.14363, 0.1528, 0.1371
0.012, 0.0206, 0.0203, 0.0184, 0.0179, 0.018, 0.0281, 0.027, 0.0274, 0.0251, 0.0245, 0.0363, 0.034, 0.0373, 0.0348, 0.032, 0.0532, 0.0521, 0.0488, 0.0469, 0.0452, 0.0713, 0.0699, 0.0682, 0.0706, 0.0637, 0.1242, 0.1289, 0.1234, 0.1222, 0.1233, 0.14363, 0.1528, 0.1371
0.0208, 0.0206, 0.0203, 0.0184, 0.0179, 0.0296, 0.0281, 0.027, 0.0274, 0.0251, 0.0364, 0.0363, 0.034, 0.0373, 0.0348, 0.0513, 0.0532, 0.0521, 0.0488, 0.0469, 0.0764, 0.0713, 0.0699, 0.0682, 0.0706, 0.1248, 0.1242, 0.1289, 0.1234, 0.1222, 0.1233, 0.14363, 0.1528, 0.1371
0.0208, 0.0206, 0.0203, 0.0184, 0.0307, 0.0296, 0.0281, 0.027, 0.0274, 0.0378, 0.0364, 0.0363, 0.034, 0.0373, 0.0573, 0.0513, 0.0532, 0.0521, 0.0488, 0.0734, 0.0764, 0.0713, 0.0699, 0.0682, 0.1285, 0.1248, 0.1242, 0.1289, 0.1234, 0.1222, 0.1233, 0.14363, 0.1528, 0.1371
0.0208, 0.0206, 0.0241973, 0.0292, 0.0307, 0.0296, 0.0281, 0.027, 0.0418, 0.0378, 0.0364, 0.0363, 0.034, 0.0655, 0.0573, 0.0513, 0.0532, 0.0521, 0.0795, 0.0734, 0.0764, 0.0713, 0.0699, 0.131, 0.1285, 0.1248, 0.1242, 0.1289, 0.1234, 0.1222, 0.1233, 0.14363, 0.1528, 0.1371
0.0208, 0.0206, 0.031, 0.0292, 0.0307, 0.0296, 0.0281, 0.0409, 0.0418, 0.0378, 0.0364, 0.0363, 0.0537, 0.0655, 0.0573, 0.0513, 0.0532, 0.0867, 0.0795, 0.0734, 0.0764, 0.0713, 0.1323, 0.131, 0.1285, 0.1248, 0.1242, 0.1289, 0.1234, 0.1222, 0.1233, 0.14363, 0.1528, 0.1371
0.0208, 0.0302, 0.031, 0.0292, 0.0307, 0.0296, 0.0431, 0.0409, 0.0418, 0.0378, 0.0364, 0.0546, 0.0537, 0.0897113, 0.0573, 0.0513, 0.0845, 0.0867, 0.0795, 0.0734, 0.0764, 0.1308, 0.1323, 0.131, 0.1285, 0.1248, 0.1242, 0.1289, 0.1234, 0.1222, 0.1233, 0.14363, 0.1528, 0.1371
0.0301, 0.0302, 0.031, 0.0292, 0.0307, 0.0466, 0.0431, 0.0409, 0.0418, 0.0378, 0.0616, 0.0546, 0.0537, 0.0893693, 0.0573, 0.0875, 0.0845, 0.0867, 0.0795, 0.0734, 0.14, 0.1308, 0.1323, 0.131, 0.1285, 0.1248, 0.1242, 0.1289, 0.1234, 0.1222, 0.1233, 0.14363, 0.1528, 0.1371
0.0301, 0.0302, 0.031, 0.0292, 0.0454, 0.0466, 0.0431, 0.0409, 0.0418, 0.0642, 0.0616, 0.0546, 0.0537, 0.0655, 0.0879, 0.0875, 0.0845, 0.0867, 0.0795, 0.1356, 0.14, 0.1308, 0.1323, 0.131, 0.1285, 0.1248, 0.1242, 0.1289, 0.1234, 0.1222, 0.1233, 0.14363, 0.1528, 0.1371
0.0301, 0.0302, 0.0395061, 0.0449, 0.0454, 0.0466, 0.0431, 0.0409, 0.0649, 0.0642, 0.0616, 0.0546, 0.0537, 0.0896, 0.0879, 0.0875, 0.0845, 0.0867, 0.1358, 0.1356, 0.14, 0.1308, 0.1323, 0.131, 0.1285, 0.1248, 0.1242, 0.1289, 0.1234, 0.1222, 0.1233, 0.14363, 0.1528, 0.1371
0.0301, 0.0420121, 0.0468, 0.0449, 0.0454, 0.0466, 0.0431, 0.0674, 0.0649, 0.0642, 0.0616, 0.0546, 0.0903, 0.0896, 0.0879, 0.0875, 0.0845, 0.1453, 0.1358, 0.1356, 0.14, 0.1308, 0.1323, 0.131, 0.1285, 0.1248, 0.1242, 0.1289, 0.1234, 0.1222, 0.1233, 0.14363, 0.1528, 0.1371
0.0301, 0.0617147, 0.0468, 0.0449, 0.0454, 0.0466, 0.0711, 0.0674, 0.0649, 0.0642, 0.0616, 0.0902, 0.0903, 0.0896, 0.0879, 0.0875, 0.1419, 0.1453, 0.1358, 0.1356, 0.14, 0.1308, 0.1323, 0.131, 0.1285, 0.1248, 0.1242, 0.1289, 0.1234, 0.1222, 0.1233, 0.14363, 0.1528, 0.1371
0.0469, 0.0459, 0.0468, 0.0449, 0.0454, 0.0742, 0.0711, 0.0674, 0.0649, 0.0642, 0.103, 0.0902, 0.0903, 0.0896, 0.0879, 0.1423, 0.1419, 0.1453, 0.1358, 0.1356, 0.14, 0.1308, 0.1323, 0.131, 0.1285, 0.1248, 0.1242, 0.1289, 0.1234, 0.1222, 0.1233, 0.14363, 0.1528, 0.1371
0.0469, 0.0459, 0.0591109, 0.0449, 0.07, 0.0742, 0.0711, 0.0674, 0.0649, 0.0962, 0.103, 0.0902, 0.0903, 0.0896, 0.1465, 0.1423, 0.1419, 0.1453, 0.1358, 0.1356, 0.14, 0.1308, 0.1323, 0.131, 0.1285, 0.1248, 0.1242, 0.1289, 0.1234, 0.1222, 0.1233, 0.14363, 0.1528, 0.1371
0.0469, 0.0459, 0.062771, 0.07, 0.07, 0.0742, 0.0711, 0.0674, 0.1034, 0.0962, 0.103, 0.0902, 0.0903, 0.1876, 0.1465, 0.1423, 0.1419, 0.1453, 0.1358, 0.1356, 0.14, 0.1308, 0.1323, 0.131, 0.1285, 0.1248, 0.1242, 0.1289, 0.1234, 0.1222, 0.1233, 0.14363, 0.1528, 0.1371
0.0469, 0.0459, 0.0688, 0.07, 0.07, 0.0742, 0.0711, 0.0978, 0.1034, 0.0962, 0.103, 0.0902, 0.1425, 0.1876, 0.1465, 0.1423, 0.1419, 0.1453, 0.1358, 0.1356, 0.14, 0.1308, 0.1323, 0.131, 0.1285, 0.1248, 0.1242, 0.1289, 0.1234, 0.1222, 0.1233, 0.14363, 0.1528, 0.1371
0.0469, 0.0792105, 0.0688, 0.0817647, 0.07, 0.0742, 0.104, 0.0978, 0.1034, 0.0962, 0.103, 0.1435, 0.1425, 0.1876, 0.1465, 0.1423, 0.1419, 0.1453, 0.1358, 0.1356, 0.14, 0.1308, 0.1323, 0.131, 0.1285, 0.1248, 0.1242, 0.1289, 0.1234, 0.1222, 0.1233, 0.14363, 0.1528, 0.1371
0.0673, 0.0676, 0.0688, 0.07, 0.07, 0.1052, 0.104, 0.0978, 0.1034, 0.0962, 0.170761, 0.1435, 0.1425, 0.1876, 0.1465, 0.1423, 0.1419, 0.1453, 0.1358, 0.1356, 0.14, 0.1308, 0.1323, 0.131, 0.1285, 0.1248, 0.1242, 0.1289, 0.1234, 0.1222, 0.1233, 0.14363, 0.1528, 0.1371
0.0673, 0.0770869, 0.0809382, 0.07, 0.1006, 0.1052, 0.104, 0.0978, 0.1034, 0.179799, 0.170761, 0.1435, 0.1425, 0.1876, 0.1465, 0.1423, 0.1419, 0.1453, 0.1358, 0.1356, 0.14, 0.1308, 0.1323, 0.131, 0.1285, 0.1248, 0.1242, 0.1289, 0.1234, 0.1222, 0.1233, 0.14363, 0.1528, 0.1371
0.0673, 0.0676, 0.0881717, 0.0899, 0.1006, 0.1052, 0.104, 0.0978, 0.162683, 0.179799, 0.170761, 0.1435, 0.1425, 0.1876, 0.1465, 0.1423, 0.1419, 0.1453, 0.1358, 0.1356, 0.14, 0.1308, 0.1323, 0.131, 0.1285, 0.1248, 0.1242, 0.1289, 0.1234, 0.1222, 0.1233, 0.14363, 0.1528, 0.1371
0.0673, 0.0875203, 0.0976, 0.0899, 0.114925, 0.1052, 0.104, 0.154574, 0.162683, 0.179799, 0.170761, 0.1435, 0.1425, 0.1876, 0.1465, 0.1423, 0.1419, 0.1453, 0.1358, 0.1356, 0.14, 0.1308, 0.1323, 0.131, 0.1285, 0.1248, 0.1242, 0.1289, 0.1234, 0.1222, 0.1233, 0.14363, 0.1528, 0.1371
0.0673, 0.138375, 0.0976, 0.0899, 0.1006, 0.1052, 0.14711, 0.154574, 0.162683, 0.179799, 0.170761, 0.1435, 0.1425, 0.1876, 0.1465, 0.1423, 0.1419, 0.1453, 0.1358, 0.1356, 0.14, 0.1308, 0.1323, 0.131, 0.1285, 0.1248, 0.1242, 0.1289, 0.1234, 0.1222, 0.1233, 0.14363, 0.1528, 0.1371
0.0972, 0.1031, 0.0976, 0.0899, 0.1006, 0.163691, 0.14711, 0.154574, 0.162683, 0.179799, 0.170761, 0.1435, 0.1425, 0.1876, 0.1465, 0.1423, 0.1419, 0.1453, 0.1358, 0.1356, 0.14, 0.1308, 0.1323, 0.131, 0.1285, 0.1248, 0.1242, 0.1289, 0.1234, 0.1222, 0.1233, 0.14363, 0.1528, 0.1371
0.0972, 0.1031, 0.121151, 0.0899, 0.145144, 0.163691, 0.14711, 0.154574, 0.162683, 0.179799, 0.170761, 0.1435, 0.1425, 0.1876, 0.1465, 0.1423, 0.1419, 0.1453, 0.1358, 0.1356, 0.14, 0.1308, 0.1323, 0.131, 0.1285, 0.1248, 0.1242, 0.1289, 0.1234, 0.1222, 0.1233, 0.14363, 0.1528, 0.1371
0.0972, 0.1031, 0.0976, 0.1375, 0.145144, 0.163691, 0.14711, 0.154574, 0.162683, 0.179799, 0.170761, 0.1435, 0.1425, 0.1876, 0.1465, 0.1423, 0.1419, 0.1453, 0.1358, 0.1356, 0.14, 0.1308, 0.1323, 0.131, 0.1285, 0.1248, 0.1242, 0.1289, 0.1234, 0.1222, 0.1233, 0.14363, 0.1528, 0.1371
0.0972, 0.1031, 0.158759, 0.1375, 0.145144, 0.163691, 0.14711, 0.154574, 0.162683, 0.179799, 0.170761, 0.1435, 0.1425, 0.1876, 0.1465, 0.1423, 0.1419, 0.1453, 0.1358, 0.1356, 0.14, 0.1308, 0.1323, 0.131, 0.1285, 0.1248, 0.1242, 0.1289, 0.1234, 0.1222, 0.1233, 0.14363, 0.1528, 0.1371
0.0972, 0.14404, 0.158759, 0.1375, 0.145144, 0.163691, 0.14711, 0.154574, 0.162683, 0.179799, 0.170761, 0.1435, 0.1425, 0.1876, 0.1465, 0.1423, 0.1419, 0.1453, 0.1358, 0.1356, 0.14, 0.1308, 0.1323, 0.131, 0.1285, 0.1248, 0.1242, 0.1289, 0.1234, 0.1222, 0.1233, 0.14363, 0.1528, 0.1371
0.1423, 0.14404, 0.158759, 0.1375, 0.145144, 0.163691, 0.14711, 0.154574, 0.162683, 0.179799, 0.170761, 0.1435, 0.1425, 0.1876, 0.1465, 0.1423, 0.1419, 0.1453, 0.1358, 0.1356, 0.14, 0.1308, 0.1323, 0.131, 0.1285, 0.1248, 0.1242, 0.1289, 0.1234, 0.1222, 0.1233, 0.14363, 0.1528, 0.1371
First matrix of disappear[0]:
0, 0.0058, 0.0003, 0.0003, 0.0004, 0.0004, 0.0002, 0.0002, 0.0001, 0.0001, 0.0001, 0.0001, 0.0001, 0.00835426, 0.0001, 0.0001, 0.0002, 0.00215937, 0.0003, 0.0003, 0.0002, 0.0005, 0.0005, 0.0004, 0.0004, 0.0003, 0.0004, 0.0003, 0.0003, 0.0003, 0.0003, 0.0004, 0.0005, 0.0005
0, 0, 0.0052, 0.0003, 0.0004, 0.0004, 0.0004, 0.0002, 0.0001, 0.0001, 0.0001, 0.0001, 0.0001, 0.00654712, 0.0001, 0.0001, 0.0002, 0.0002, 0.0003, 0.0003, 0.00237486, 0.0002, 0.0005, 0.0004, 0.00215103, 0.0003, 0.0003, 0.0003, 0.0003, 0.0003, 0.0003, 0.0004, 0.0005, 0.0005
0, 0, 0, 0.005, 0.0004, 0.0004, 0.0004, 0.0003, 0.0001, 0.0001, 0.0001, 0.0001, 0.0001, 0.00550786, 0.0001, 0.0001, 0.0002, 0.0001, 0.0003, 0.0003, 0.0002, 0.00193657, 0.0002, 0.0004, 0.00166703, 0.0003, 0.0003, 0.0003, 0.0003, 0.0003, 0.0003, 0.0004, 0.0005, 0.0005
0, 0, 0, 0, 0.0043, 0.0004, 0.0004, 0.0003, 0.0003, 0.0001, 0.0001, 0.0001, 0.0001, 0.00786952, 0.0001, 0.0001, 0.0002, 0.0001, 0.0001, 0.0003, 0.0002, 0.00235381, 0.0002, 0.0003, 0.0004, 0.0003, 0.00204437, 0.0003, 0.0004, 0.0003, 0.0003, 0.0004, 0.0005, 0.0005
0, 0, 0, 0, 0, 0.0043, 0.0004, 0.0003, 0.0003, 0.0002, 0.0001, 0.0001, 0.0001, 0.00710504, 0.0001, 0.0001, 0.0002, 0.0001, 0.0001, 0.0002, 0.0002, 0.00152163, 0.0002, 0.0003, 0.0003, 0.0003, 0.0003, 0.00231934, 0.0004, 0.0004, 0.0003, 0.0004, 0.0005, 0.0005
0, 0, 0, 0, 0, 0, 0.0035, 0.0003, 0.0003, 0.0002, 0.0003, 0.0001, 0.0001, 0.00146436, 0.0001, 0.0001, 0.0002, 0.0001, 0.0001, 0.0002, 0.0001, 0.0002, 0.0002, 0.00170283, 0.0003, 0.0002, 0.0003, 0.00154143, 0.0004, 0.0004, 0.0003, 0.0004, 0.0005, 0.0005
0, 0, 0, 0, 0, 0, 0, 0.004, 0.0003, 0.0002, 0.0003, 0.0003, 0.0001, 0.0061778, 0.0001, 0.0001, 0.0001, 0.0001, 0.0001, 0.0002, 0.0001, 0.0001, 0.0002, 0.0003, 0.0003, 0.0002, 0.0003, 0.0003, 0.0004, 0.0004, 0.0003, 0.00534239, 0.0005, 0.0005
0, 0, 0, 0, 0, 0, 0, 0, 0.0041, 0.0002, 0.0003, 0.0003, 0.0002, 0.0169742, 0.0001, 0.0001, 0.0001, 0.0001, 0.0001, 0.0002, 0.0001, 0.0001, 0.0002, 0.0003, 0.0003, 0.0002, 0.0003, 0.0003, 0.0004, 0.0004, 0.0003, 0.00988063, 0.0004, 0.0005
0, 0, 0, 0, 0, 0, 0, 0, 0, 0.0032, 0.0003, 0.0003, 0.0002, 0.00663526, 0.0001, 0.0001, 0.0001, 0.0001, 0.0001, 0.0002, 0.0001, 0.0001, 0.0002, 0.0001, 0.0003, 0.0002, 0.0003, 0.0003, 0.0003, 0.0004, 0.0003, 0.00976175, 0.0004, 0.0004
0, 0, 0, 0, 0, 0, 0, 0, 0, 0, 0.0598611, 0.0003, 0.0002, 0.00441131, 0.0002, 0.0001, 0.0001, 0.0001, 0.0001, 0.0001, 0.0001, 0.0019574, 0.0002, 0.0001, 0.0001, 0.0002, 0.0003, 0.0003, 0.0003, 0.0002, 0.0003, 0.00337638, 0.0004, 0.0004
0, 0, 0, 0, 0, 0, 0, 0, 0, 0, 0, 0.0024, 0.0002, 0.0002, 0.0002, 0.0002, 0.0001, 0.0001, 0.0001, 0.0001, 0.0001, 0.0001, 0.0002, 0.0001, 0.0001, 0.0001, 0.0003, 0.0003, 0.0003, 0.0002, 0.0002, 0.0003, 0.0004, 0.0004
0, 0, 0, 0, 0, 0, 0, 0, 0, 0, 0, 0, 0.0034, 0.0002, 0.0002, 0.0002, 0.0001, 0.0001, 0.0001, 0.0001, 0.0001, 0.0001, 0.0002, 0.0001, 0.0001, 0.0001, 0.0002, 0.0003, 0.0003, 0.0002, 0.0002, 0.0003, 0.0004, 0.0004
0, 0, 0, 0, 0, 0, 0, 0, 0, 0, 0, 0, 0, 0.0028, 0.0002, 0.0002, 0.0001, 0.0001, 0.0001, 0.0001, 0.0001, 0.0001, 0.0001, 0.0001, 0.0001, 0.0001, 0.0002, 0.0001, 0.0003, 0.0002, 0.0002, 0.0003, 0.0002, 0.0004
0, 0, 0, 0, 0, 0, 0, 0, 0, 0, 0, 0, 0, 0, 0.0022, 0.0002, 0.0001, 0.0001, 0.0001, 0.0001, 0.0001, 0.0001, 0.0001, 0.0001, 0.0001, 0.0001, 0.0002, 0.0001, 0.0001, 0.0002, 0.00246211, 0.0136324, 0.0002, 0.0003
0, 0, 0, 0, 0, 0, 0, 0, 0, 0, 0, 0, 0, 0, 0, 0.0024, 0.0001, 0.0001, 0.0001, 0.0002, 0.0001, 0.0001, 0.0001, 0.0001, 0.0001, 0.0001, 0.0002, 0.0001, 0.0001, 0.0001, 0.0002, 0.0174957, 0.0002, 0.0003
0, 0, 0, 0, 0, 0, 0, 0, 0, 0, 0, 0, 0, 0, 0, 0, 0.0028, 0.0001, 0.0001, 0.0002, 0.0002, 0.0001, 0.0001, 0.0001, 0.0001, 0.0001, 0.0002, 0.0001, 0.0001, 0.0001, 0.0001, 0.0161458, 0.0002, 0.0003
0, 0, 0, 0, 0, 0, 0, 0, 0, 0, 0, 0, 0, 0, 0, 0, 0, 0.0026, 0.0001, 0.0002, 0.0002, 0.0002, 0.0001, 0.0001, 0.0001, 0.0001, 0.0001, 0.0001, 0.0001, 0.0001, 0.0001, 0.0127483, 0.0002, 0.0003
0, 0, 0, 0, 0, 0, 0, 0, 0, 0, 0, 0, 0, 0, 0, 0, 0, 0, 0.0026, 0.0002, 0.0002, 0.0002, 0.0002, 0.0001, 0.0001, 0.0001, 0.0001, 0.0001, 0.0001, 0.0001, 0.0001, 0.017169, 0.0002, 0.0003
0, 0, 0, 0, 0, 0, 0, 0, 0, 0, 0, 0, 0, 0, 0, 0, 0, 0, 0, 0.0026, 0.0002, 0.0002, 0.0002, 0.0001, 0.0001, 0.0001, 0.0001, 0.0001, 0.0001, 0.0001, 0.0001, 0.0177649, 0.0002, 0.0002
0, 0, 0, 0, 0, 0, 0, 0, 0, 0, 0, 0, 0, 0, 0, 0, 0, 0, 0, 0, 0.0019, 0.0002, 0.0002, 0.0001, 0.0001, 0.0001, 0.0001, 0.0001, 0.0001, 0.0001, 0.0001, 0.0151656, 0.0002, 0.0002
0, 0, 0, 0, 0, 0, 0, 0, 0, 0, 0, 0, 0, 0, 0, 0, 0, 0, 0, 0, 0, 0.034904, 0.0002, 0.0001, 0.0001, 0.0002, 0.0001, 0.0001, 0.0001, 0.0001, 0.0001, 0.0137422, 0.0002, 0.0002
0, 0, 0, 0, 0, 0, 0, 0, 0, 0, 0, 0, 0, 0, 0, 0, 0, 0, 0, 0, 0, 0, 0.03365, 0.0001, 0.0001, 0.0002, 0.0002, 0.0001, 0.0001, 0.0001, 0.0001, 0.0158133, 0.0002, 0.0002
0, 0, 0, 0, 0, 0, 0, 0, 0, 0, 0, 0, 0, 0, 0, 0, 0, 0, 0, 0, 0, 0, 0, 0.0018, 0.0001, 0.0002, 0.0002, 0.0001, 0.0001, 0.0001, 0.0001, 0.0132034, 0.0001, 0.0002
0, 0, 0, 0, 0, 0, 0, 0, 0, 0, 0, 0, 0, 0, 0, 0, 0, 0, 0, 0, 0, 0, 0, 0, 0.0586174, 0.0002, 0.0002, 0.0001, 0.0001, 0.0001, 0.0001, 0.00989237, 0.0001, 0.0001
0, 0, 0, 0, 0, 0, 0, 0, 0, 0, 0, 0, 0, 0, 0, 0, 0, 0, 0, 0, 0, 0, 0, 0, 0, 0.0022, 0.0002, 0.0001, 0.0001, 0.0001, 0.0001, 0.01013, 0.0001, 0.0001
0, 0, 0, 0, 0, 0, 0, 0, 0, 0, 0, 0, 0, 0, 0, 0, 0, 0, 0, 0, 0, 0, 0, 0, 0, 0, 0.0023, 0.0001, 0.0001, 0.0001, 0.0001, 0.00796838, 0.0001, 0.0001
0, 0, 0, 0, 0, 0, 0, 0, 0, 0, 0, 0, 0, 0, 0, 0, 0, 0, 0, 0, 0, 0, 0, 0, 0, 0, 0, 0.002, 0.0001, 0.0001, 0.0001, 0.0001, 0.0001, 0.0001
0, 0, 0, 0, 0, 0, 0, 0, 0, 0, 0, 0, 0, 0, 0, 0, 0, 0, 0, 0, 0, 0, 0, 0, 0, 0, 0, 0, 0.0023, 0.0001, 0.0001, 0.0001, 0.0002, 0.0001
0, 0, 0, 0, 0, 0, 0, 0, 0, 0, 0, 0, 0, 0, 0, 0, 0, 0, 0, 0, 0, 0, 0, 0, 0, 0, 0, 0, 0, 0.00683235, 0.0001, 0.0001, 0.0002, 0.0002
0, 0, 0, 0, 0, 0, 0, 0, 0, 0, 0, 0, 0, 0, 0, 0, 0, 0, 0, 0, 0, 0, 0, 0, 0, 0, 0, 0, 0, 0, 0.0021, 0.0001, 0.0002, 0.0002
0, 0, 0, 0, 0, 0, 0, 0, 0, 0, 0, 0, 0, 0, 0, 0, 0, 0, 0, 0, 0, 0, 0, 0, 0, 0, 0, 0, 0, 0, 0, 0.012589, 0.0002, 0.0002
0, 0, 0, 0, 0, 0, 0, 0, 0, 0, 0, 0, 0, 0, 0, 0, 0, 0, 0, 0, 0, 0, 0, 0, 0, 0, 0, 0, 0, 0, 0, 0, 0.0019, 0.0002
0, 0, 0, 0, 0, 0, 0, 0, 0, 0, 0, 0, 0, 0, 0, 0, 0, 0, 0, 0, 0, 0, 0, 0, 0, 0, 0, 0, 0, 0, 0, 0, 0, 0.0784063
0.0071, 0.0003, 0.0003, 0.0003, 0.0004, 0.0002, 0.0002, 0.0002, 0.0001, 0.0001, 0.0003, 0.0001, 0.0001, 0.00479594, 0.0001, 0.0003, 0.0002, 0.0002, 0.0003, 0.0003, 0.0004, 0.0005, 0.0005, 0.0004, 0.0004, 0.0004, 0.0004, 0.0003, 0.0003, 0.0003, 0.0004, 0.0004, 0.0005, 0.0005
0.0004, 0.0003, 0.0003, 0.0003, 0.0002, 0.0002, 0.0002, 0.0002, 0.0001, 0.0002, 0.0003, 0.0001, 0.0001, 0.00230475, 0.0003, 0.00196757, 0.00157639, 0.0002, 0.0003, 0.0005, 0.0004, 0.0005, 0.0005, 0.0004, 0.0003, 0.0004, 0.0004, 0.0003, 0.0003, 0.0004, 0.0004, 0.0025575, 0.0005, 0.0005
0.0004, 0.0003, 0.0003, 0.0001, 0.0002, 0.0002, 0.0002, 0.0002, 0.0002, 0.0002, 0.0003, 0.0001, 0.0001, 0.00316149, 0.00374904, 0.00236692, 0.0002, 0.0002, 0.0004, 0.0005, 0.0004, 0.0005, 0.0005, 0.0003, 0.0003, 0.0004, 0.0004, 0.0003, 0.0005, 0.0004, 0.0004, 0.00495809, 0.0005, 0.0006
0.0004, 0.0003, 0.0003, 0.0001, 0.0002, 0.0002, 0.0002, 0.0002, 0.0002, 0.0002, 0.0003, 0.0001, 0.0003, 0.00640191, 0.0042604, 0.00235804, 0.0002, 0.0006, 0.0004, 0.0005, 0.0004, 0.0005, 0.0004, 0.0003, 0.0003, 0.0004, 0.0004, 0.0005, 0.0005, 0.0004, 0.0004, 0.00659645, 0.0006, 0.0006
0.0004, 0.0002, 0.0003, 0.0001, 0.0002, 0.0002, 0.0003, 0.0002, 0.0002, 0.0002, 0.0003, 0.0004, 0.0003, 0.00727436, 0.00410677, 0.0003, 0.0005, 0.0006, 0.0004, 0.0005, 0.0004, 0.0004, 0.0004, 0.0003, 0.0003, 0.0004, 0.0004, 0.0005, 0.0005, 0.0004, 0.0004, 0.00775341, 0.0006, 0.0006
0.0002, 0.0002, 0.0003, 0.0001, 0.0002, 0.0003, 0.0003, 0.0002, 0.0002, 0.0002, 0.0003, 0.0028195, 0.00328712, 0.0104931, 0.0003, 0.0006, 0.0005, 0.0006, 0.0004, 0.0005, 0.0004, 0.0004, 0.0004, 0.0003, 0.0003, 0.0005, 0.0004, 0.0005, 0.0005, 0.0004, 0.0006, 0.00462291, 0.0006, 0.0006
0.0002, 0.0002, 0.0003, 0.0001, 0.0003, 0.0003, 0.0003, 0.0002, 0.0002, 0.0004, 0.0003, 0.0004, 0.00447633, 0.00596193, 0.00726881, 0.0006, 0.0005, 0.0006, 0.0004, 0.0005, 0.0004, 0.0004, 0.0004, 0.0003, 0.0005, 0.0005, 0.0004, 0.0005, 0.0005, 0.0006, 0.0006, 0.00694552, 0.0006, 0.0006
0.0002, 0.0002, 0.0003, 0.0003, 0.0003, 0.0003, 0.0003, 0.0002, 0.0004, 0.0004, 0.00402587, 0.00518498, 0.00245889, 0.019047, 0.0007, 0.0006, 0.0005, 0.0006, 0.0005, 0.0005, 0.0004, 0.0004, 0.0004, 0.0006, 0.0005, 0.0005, 0.0004, 0.0005, 0.0006, 0.0006, 0.0006, 0.00869581, 0.0006, 0.001
0.0002, 0.0002, 0.0004, 0.0003, 0.0003, 0.0003, 0.0003, 0.0004, 0.0004, 0.0004, 0.00324136, 0.00249089, 0.0006, 0.026643, 0.0007, 0.0006, 0.0005, 0.0007, 0.0005, 0.0005, 0.0004, 0.0004, 0.0004, 0.0006, 0.0005, 0.0005, 0.0004, 0.0007, 0.0006, 0.0006, 0.0006, 0.0102646, 0.0011, 0.001
0.0002, 0.0002, 0.0004, 0.0003, 0.0003, 0.0003, 0.0005, 0.0004, 0.00174953, 0.00224388, 0.0003, 0.0007, 0.0006, 0.0238482, 0.0007, 0.0006, 0.0005, 0.0007, 0.0005, 0.0005, 0.0004, 0.0005, 0.0004, 0.0006, 0.0005, 0.0005, 0.0006, 0.0007, 0.0006, 0.0006, 0.0006, 0.0116543, 0.0011, 0.001
0.0003, 0.0002, 0.0004, 0.0003, 0.0003, 0.0005, 0.0005, 0.00176214, 0.00319226, 0.0018943, 0.0007, 0.0007, 0.0006, 0.00745739, 0.0007, 0.0005, 0.0005, 0.0007, 0.0005, 0.0005, 0.0004, 0.0005, 0.0004, 0.0006, 0.0005, 0.0007, 0.0006, 0.0007, 0.0006, 0.0006, 0.001, 0.00457668, 0.0011, 0.001
0.0003, 0.0002, 0.0004, 0.0003, 0.0005, 0.0005, 0.00190836, 0.002609, 0.0004, 0.0007, 0.0007, 0.0007, 0.0006, 0.0008, 0.0004, 0.0005, 0.0005, 0.0007, 0.0005, 0.0006, 0.0004, 0.0005, 0.0004, 0.0006, 0.0007, 0.0007, 0.0006, 0.0007, 0.0006, 0.001, 0.001, 0.00475244, 0.0011, 0.001
0.0003, 0.0002, 0.0004, 0.0005, 0.00185747, 0.00335011, 0.00271023, 0.0004, 0.0006, 0.0007, 0.0007, 0.0007, 0.0006, 0.0006, 0.0004, 0.0005, 0.0005, 0.0007, 0.0005, 0.0006, 0.0004, 0.0005, 0.0004, 0.0006, 0.0007, 0.0007, 0.0006, 0.0007, 0.0009, 0.001, 0.001, 0.00746343, 0.0011, 0.0017
0.0003, 0.0002, 0.0005, 0.0005, 0.00197301, 0.00227148, 0.0005, 0.0008, 0.0006, 0.0007, 0.0007, 0.0007, 0.0006, 0.0006, 0.0004, 0.0005, 0.0005, 0.0005, 0.0005, 0.0006, 0.0004, 0.0005, 0.0006, 0.0006, 0.0007, 0.0007, 0.0006, 0.0011, 0.0009, 0.001, 0.001, 0.00711333, 0.0018, 0.0017
0.0003, 0.0005, 0.0005, 0.00252665, 0.00296351, 0.0005, 0.0007, 0.0008, 0.0006, 0.0007, 0.0007, 0.0007, 0.0006, 0.0006, 0.0004, 0.0005, 0.0006, 0.0005, 0.0005, 0.0006, 0.0004, 0.0007, 0.0006, 0.0006, 0.0007, 0.0007, 0.0011, 0.0011, 0.0009, 0.001, 0.001, 0.00862261, 0.0018, 0.0017
0.0005, 0.0005, 0.0024347, 0.0005, 0.0005, 0.0007, 0.0007, 0.0008, 0.0006, 0.0007, 0.0006, 0.0007, 0.0006, 0.0006, 0.0004, 0.0006, 0.0006, 0.0005, 0.0005, 0.0006, 0.0008, 0.0007, 0.0006, 0.0006, 0.0007, 0.0011, 0.0011, 0.0011, 0.0009, 0.001, 0.0016, 0.0019, 0.0018, 0.0017
0.0005, 0.0017146, 0.00365231, 0.0005, 0.0007, 0.0007, 0.0007, 0.0008, 0.0006, 0.0006, 0.0006, 0.0007, 0.0006, 0.00473125, 0.0007, 0.0006, 0.0006, 0.0005, 0.0005, 0.0008, 0.0008, 0.0007, 0.0006, 0.0006, 0.0013, 0.0011, 0.0011, 0.0011, 0.0009, 0.0017, 0.0016, 0.0019, 0.0018, 0.0017
0.0005, 0.0005, 0.0005, 0.0008, 0.0007, 0.0007, 0.0007, 0.0008, 0.0006, 0.0006, 0.0006, 0.0007, 0.0006, 0.00981942, 0.0007, 0.0006, 0.0006, 0.0005, 0.0009, 0.0008, 0.0008, 0.0007, 0.0006, 0.0012, 0.0013, 0.0011, 0.0011, 0.0011, 0.0018, 0.0017, 0.0016, 0.0019, 0.0018, 0.0028
0.0005, 0.0005, 0.0008, 0.0008, 0.0007, 0.0007, 0.0007, 0.0006, 0.0006, 0.0006, 0.0006, 0.0007, 0.0006, 0.0122869, 0.0007, 0.0006, 0.0006, 0.0009, 0.0009, 0.0008, 0.0008, 0.0007, 0.0012, 0.0012, 0.0013, 0.0011, 0.0011, 0.0017, 0.0018, 0.0017, 0.0016, 0.0019, 0.003, 0.0028
0.0005, 0.0007, 0.0008, 0.0008, 0.0007, 0.0007, 0.0007, 0.0006, 0.0006, 0.0006, 0.0006, 0.0007, 0.0006, 0.0117657, 0.0007, 0.0006, 0.0009, 0.0009, 0.0009, 0.0008, 0.0008, 0.001, 0.0012, 0.0012, 0.0013, 0.0011, 0.0017, 0.0017, 0.0018, 0.0017, 0.0016, 0.0029, 0.003, 0.0028
0.0008, 0.0007, 0.0008, 0.0008, 0.0007, 0.0006, 0.0007, 0.0006, 0.0006, 0.0006, 0.0008, 0.0007, 0.0006, 0.0145551, 0.0007, 0.001, 0.0009, 0.0009, 0.0009, 0.0008, 0.0013, 0.001, 0.0012, 0.0012, 0.0013, 0.0019, 0.0017, 0.0017, 0.0018, 0.0017, 0.0028, 0.0029, 0.003, 0.0028
0.0008, 0.0007, 0.0008, 0.0008, 0.0007, 0.0006, 0.0007, 0.0006, 0.0006, 0.0007, 0.0008, 0.0007, 0.0006, 0.0125755, 0.0009, 0.001, 0.0009, 0.0009, 0.0009, 0.0012, 0.0013, 0.001, 0.0012, 0.0012, 0.0017, 0.0019, 0.0017, 0.0017, 0.0018, 0.0026, 0.0028, 0.0029, 0.003, 0.0028
0.0008, 0.0007, 0.0008, 0.0006, 0.0007, 0.0006, 0.0007, 0.0006, 0.0008, 0.0007, 0.0008, 0.0007, 0.0006, 0.0138464, 0.0009, 0.001, 0.0009, 0.0009, 0.0014, 0.0012, 0.0013, 0.001, 0.0012, 0.002, 0.0017, 0.0019, 0.0017, 0.0017, 0.0028, 0.0026, 0.0028, 0.0029, 0.003, 0.0049
0.0008, 0.0007, 0.0008, 0.0006, 0.0007, 0.0006, 0.0007, 0.0008, 0.0008, 0.0007, 0.0008, 0.0007, 0.0011, 0.0159362, 0.0009, 0.001, 0.0009, 0.0015, 0.0014, 0.0012, 0.0013, 0.001, 0.0019, 0.002, 0.0017, 0.0019, 0.0017, 0.0031, 0.0028, 0.0026, 0.0028, 0.0029, 0.0046, 0.0049
0.0008, 0.0008, 0.0008, 0.0006, 0.0007, 0.0006, 0.0008, 0.0008, 0.0008, 0.0007, 0.0008, 0.001, 0.0011, 0.014405, 0.0009, 0.001, 0.0016, 0.0015, 0.0014, 0.0012, 0.0013, 0.0022, 0.0019, 0.002, 0.0017, 0.0019, 0.0031, 0.0031, 0.0028, 0.0026, 0.0028, 0.0051, 0.0046, 0.0049
0.0008, 0.0008, 0.0008, 0.0006, 0.0007, 0.0008, 0.0008, 0.0008, 0.0008, 0.0007, 0.0013, 0.001, 0.0011, 0.0148649, 0.0009, 0.0015, 0.0016, 0.0015, 0.0014, 0.0012, 0.0022, 0.0022, 0.0019, 0.002, 0.0017, 0.0031, 0.0031, 0.0031, 0.0028, 0.0026, 0.0047, 0.0051, 0.0046, 0.0049
0.0008, 0.0008, 0.0008, 0.0006, 0.0008, 0.0008, 0.0008, 0.0008, 0.0008, 0.001, 0.0013, 0.001, 0.0011, 0.0151846, 0.0016, 0.0015, 0.0016, 0.0015, 0.0014, 0.002, 0.0022, 0.0022, 0.0019, 0.002, 0.003, 0.0031, 0.0031, 0.0031, 0.0028, 0.0045, 0.0047, 0.0051, 0.0046, 0.0049
0.0008, 0.0008, 0.0008, 0.0007, 0.0008, 0.0008, 0.0008, 0.0008, 0.0011, 0.001, 0.0013, 0.001, 0.0011, 0.017496, 0.0016, 0.0015, 0.0016, 0.0015, 0.0024, 0.002, 0.0022, 0.0022, 0.0019, 0.0034, 0.003, 0.0031, 0.0031, 0.0031, 0.005, 0.0045, 0.0047, 0.0051, 0.0046, 0.0081
0.0008, 0.0008, 0.0009, 0.0007, 0.0008, 0.0008, 0.0008, 0.001, 0.0011, 0.001, 0.0013, 0.001, 0.0016, 0.0153092, 0.0016, 0.0015, 0.0016, 0.0023, 0.0024, 0.002, 0.0022, 0.0022, 0.0031, 0.0034, 0.003, 0.0031, 0.0031, 0.0048, 0.005, 0.0045, 0.0047, 0.0051, 0.0081, 0.0081
0.0008, 0.0009, 0.0009, 0.0007, 0.0008, 0.0008, 0.0012, 0.001, 0.0011, 0.001, 0.0013, 0.0016, 0.0016, 0.015101, 0.0016, 0.0015, 0.0023, 0.0023, 0.0024, 0.002, 0.0022, 0.0036, 0.0031, 0.0034, 0.003, 0.0031, 0.0053, 0.0048, 0.005, 0.0045, 0.0047, 0.0086, 0.0081, 0.0081
0.0009, 0.0009, 0.0009, 0.0007, 0.0008, 0.0013, 0.0012, 0.001, 0.0011, 0.001, 0.0018, 0.0016, 0.0016, 0.0138754, 0.0016, 0.0024, 0.0023, 0.0023, 0.0024, 0.002, 0.0039, 0.0036, 0.0031, 0.0034, 0.003, 0.0054, 0.0053, 0.0048, 0.005, 0.0045, 0.0079, 0.0086, 0.0081, 0.0081
0.0009, 0.0009, 0.0009, 0.0007, 0.0013, 0.0013, 0.0012, 0.001, 0.0011, 0.0017, 0.0018, 0.0016, 0.0016, 0.00817183, 0.0024, 0.0024, 0.0023, 0.0023, 0.0024, 0.0039, 0.0039, 0.0036, 0.0031, 0.0034, 0.0058, 0.0054, 0.0053, 0.0048, 0.005, 0.0077, 0.0079, 0.0086, 0.0081, 0.0081
0.0009, 0.0009, 0.0009, 0.001, 0.0013, 0.0013, 0.0012, 0.001, 0.0017, 0.0017, 0.0018, 0.0016, 0.0016, 0.0102733, 0.0024, 0.0024, 0.0023, 0.0023, 0.004, 0.0039, 0.0039, 0.0036, 0.0031, 0.0057, 0.0058, 0.0054, 0.0053, 0.0048, 0.0082, 0.0077, 0.0079, 0.0086, 0.0081, 0.0135
0.0009, 0.0009, 0.0012, 0.001, 0.0013, 0.0013, 0.0012, 0.0019, 0.0017, 0.0017, 0.0018, 0.0016, 0.0027, 0.0119353, 0.0024, 0.0024, 0.0023, 0.0041, 0.004, 0.0039, 0.0039, 0.0036, 0.0058, 0.0057, 0.0058, 0.0054, 0.0053, 0.0082, 0.0082, 0.0077, 0.0079, 0.0086, 0.0132, 0.0135
0.0009, 0.0012, 0.0012, 0.001, 0.0013, 0.0013, 0.002, 0.0019, 0.0017, 0.0017, 0.0018, 0.0025, 0.0027, 0.00777463, 0.0024, 0.0024, 0.004, 0.0041, 0.004, 0.0039, 0.0039, 0.0059, 0.0058, 0.0057, 0.0058, 0.0054, 0.0082, 0.0082, 0.0082, 0.0077, 0.0079, 0.0126, 0.0132, 0.0135
0.0014, 0.0012, 0.0012, 0.001, 0.0013, 0.0018, 0.002, 0.0019, 0.0017, 0.0017, 0.0027, 0.0025, 0.0027, 0.00828438, 0.0024, 0.0044, 0.004, 0.0041, 0.004, 0.0039, 0.0057, 0.0059, 0.0058, 0.0057, 0.0058, 0.0085, 0.0082, 0.0082, 0.0082, 0.0077, 0.012, 0.0126, 0.0132, 0.0135
0.0014, 0.0012, 0.0012, 0.001, 0.002, 0.0018, 0.002, 0.0019, 0.0017, 0.0025, 0.0027, 0.0025, 0.0027, 0.0047837, 0.0042, 0.0044, 0.004, 0.0041, 0.004, 0.006, 0.0057, 0.0059, 0.0058, 0.0057, 0.0084, 0.0085, 0.0082, 0.0082, 0.0082, 0.0119, 0.012, 0.0126, 0.0132, 0.0135
0.0014, 0.0012, 0.0012, 0.002, 0.002, 0.0018, 0.002, 0.0019, 0.0028, 0.0025, 0.0027, 0.0025, 0.0027, 0.0222914, 0.0042, 0.0044, 0.004, 0.0041, 0.0066, 0.006, 0.0057, 0.0059, 0.0058, 0.0088, 0.0084, 0.0085, 0.0082, 0.0082, 0.0125, 0.0119, 0.012, 0.0126, 0.0132, 0.0203
0.0014, 0.0012, 0.0021, 0.002, 0.002, 0.0018, 0.002, 0.0026, 0.0028, 0.0025, 0.0027, 0.0025, 0.0043, 0.0228785, 0.0042, 0.0044, 0.004, 0.0065, 0.0066, 0.006, 0.0057, 0.0059, 0.0097, 0.0088, 0.0084, 0.0085, 0.0082, 0.0129, 0.0125, 0.0119, 0.012, 0.0126, 0.0216, 0.0203
0.0014, 0.0019, 0.0021, 0.002, 0.002, 0.0018, 0.0031, 0.0026, 0.0028, 0.0025, 0.0027, 0.0047, 0.0043, 0.0206676, 0.0042, 0.0044, 0.0066, 0.0065, 0.0066, 0.006, 0.0057, 0.0089, 0.0097, 0.0088, 0.0084, 0.0085, 0.0133, 0.0129, 0.0125, 0.0119, 0.012, 0.0214, 0.0216, 0.0203
0.0021, 0.0019, 0.0021, 0.002, 0.002, 0.0036, 0.0031, 0.0026, 0.0028, 0.0025, 0.0042, 0.0047, 0.0043, 0.0186974, 0.0042, 0.0075, 0.0066, 0.0065, 0.0066, 0.006, 0.0094, 0.0089, 0.0097, 0.0088, 0.0084, 0.0139, 0.0133, 0.0129, 0.0125, 0.0119, 0.0205, 0.0214, 0.0216, 0.0203
0.0021, 0.0019, 0.0021, 0.002, 0.0032, 0.0036, 0.0031, 0.0026, 0.0028, 0.0047, 0.0042, 0.0047, 0.0043, 0.00551384, 0.0072, 0.0075, 0.0066, 0.0065, 0.0066, 0.0099, 0.0094, 0.0089, 0.0097, 0.0088, 0.0138, 0.0139, 0.0133, 0.0129, 0.0125, 0.0202, 0.0205, 0.0214, 0.0216, 0.0203
0.0021, 0.0019, 0.0021, 0.0034, 0.0032, 0.0036, 0.0031, 0.0026, 0.0049, 0.0047, 0.0042, 0.0047, 0.0043, 0.0122256, 0.0072, 0.0075, 0.0066, 0.0065, 0.0106, 0.0099, 0.0094, 0.0089, 0.0097, 0.0145, 0.0138, 0.0139, 0.0133, 0.0129, 0.0224, 0.0202, 0.0205, 0.0214, 0.0216, 0.0356
0.0021, 0.0019, 0.0037, 0.0034, 0.0032, 0.0036, 0.0031, 0.0053, 0.0049, 0.0047, 0.0042, 0.0047, 0.0084, 0.0113075, 0.0072, 0.0075, 0.0066, 0.0112, 0.0106, 0.0099, 0.0094, 0.0089, 0.0152, 0.0145, 0.0138, 0.0139, 0.0133, 0.0229, 0.0224, 0.0202, 0.0205, 0.0214, 0.0369, 0.0356
0.0021, 0.0034, 0.0037, 0.0034, 0.0032, 0.0036, 0.0059, 0.0053, 0.0049, 0.0047, 0.0042, 0.0082, 0.0084, 0.0168879, 0.0072, 0.0075, 0.0116, 0.0112, 0.0106, 0.0099, 0.0094, 0.0164, 0.0152, 0.0145, 0.0138, 0.0139, 0.0225, 0.0229, 0.0224, 0.0202, 0.0205, 0.036, 0.0369, 0.0356
0.004, 0.0034, 0.0037, 0.0034, 0.0032, 0.0058, 0.0059, 0.0053, 0.0049, 0.0047, 0.0079, 0.0082, 0.0084, 0.0120088, 0.0072, 0.0117, 0.0116, 0.0112, 0.0106, 0.0099, 0.0166, 0.0164, 0.0152, 0.0145, 0.0138, 0.0239, 0.0225, 0.0229, 0.0224, 0.0202, 0.0355, 0.036, 0.0369, 0.0356
0.004, 0.0034, 0.0037, 0.0034, 0.006, 0.0058, 0.0059, 0.0053, 0.0049, 0.0083, 0.0079, 0.0082, 0.0084, 0.0076, 0.0123, 0.0117, 0.0116, 0.0112, 0.0106, 0.0163, 0.0166, 0.0164, 0.0152, 0.0145, 0.0244, 0.0239, 0.0225, 0.0229, 0.0224, 0.0353, 0.0355, 0.036, 0.0369, 0.0356
0.004, 0.0034, 0.0037, 0.0061, 0.006, 0.0058, 0.0059, 0.0053, 0.0091, 0.0083, 0.0079, 0.0082, 0.0084, 0.0133, 0.0123, 0.0117, 0.0116, 0.0112, 0.0183, 0.0163, 0.0166, 0.0164, 0.0152, 0.026, 0.0244, 0.0239, 0.0225, 0.0229, 0.0359, 0.0353, 0.0355, 0.036, 0.0369, 0.0667
0.004, 0.0034, 0.0061, 0.0061, 0.006, 0.0058, 0.0059, 0.0092, 0.0091, 0.0083, 0.0079, 0.0082, 0.0131, 0.0133, 0.0123, 0.0117, 0.0116, 0.0191, 0.0183, 0.0163, 0.0166, 0.0164, 0.0265, 0.026, 0.0244, 0.0239, 0.0225, 0.0374, 0.0359, 0.0353, 0.0355, 0.036, 0.0692, 0.0667
0.004, 0.0067, 0.0061, 0.0061, 0.006, 0.0058, 0.0097, 0.0092, 0.0091, 0.0083, 0.0079, 0.0133, 0.0131, 0.0133, 0.0123, 0.0117, 0.0183, 0.0191, 0.0183, 0.0163, 0.0166, 0.026, 0.0265, 0.026, 0.0244, 0.0239, 0.0384, 0.0374, 0.0359, 0.0353, 0.0355, 0.0637, 0.0692, 0.0667
0.0068, 0.0067, 0.0061, 0.0061, 0.006, 0.0107, 0.0097, 0.0092, 0.0091, 0.0083, 0.0144, 0.0133, 0.0131, 0.0133, 0.0123, 0.0217, 0.0183, 0.0191, 0.0183, 0.0163, 0.0271, 0.026, 0.0265, 0.026, 0.0244, 0.041, 0.0384, 0.0374, 0.0359, 0.0353, 0.064, 0.0637, 0.0692, 0.0667
0.0068, 0.0067, 0.0061, 0.0061, 0.0105, 0.0107, 0.0097, 0.0092, 0.0091, 0.016, 0.0144, 0.0133, 0.0131, 0.0133, 0.0212, 0.0217, 0.0183, 0.0191, 0.0183, 0.0286, 0.0271, 0.026, 0.0265, 0.026, 0.041, 0.041, 0.0384, 0.0374, 0.0359, 0.0635, 0.064, 0.0637, 0.0692, 0.0667
0.0068, 0.0067, 0.0061, 0.0105, 0.0105, 0.0107, 0.0097, 0.0092, 0.0162, 0.016, 0.0144, 0.0133, 0.0131, 0.023, 0.0212, 0.0217, 0.0183, 0.0191, 0.0303, 0.0286, 0.0271, 0.026, 0.0265, 0.0433, 0.041, 0.041, 0.0384, 0.0374, 0.0628, 0.0635, 0.064, 0.0637, 0.0692, 0.1371
0.0068, 0.0067, 0.0109, 0.0105, 0.0105, 0.0107, 0.0097, 0.0167, 0.0162, 0.016, 0.0144, 0.0133, 0.0226, 0.023, 0.0212, 0.0217, 0.0183, 0.0322, 0.0303, 0.0286, 0.0271, 0.026, 0.0423, 0.0433, 0.041, 0.041, 0.0384, 0.0655, 0.0628, 0.0635, 0.064, 0.0637, 0.1528, 0.1371
0.0068, 0.0125, 0.0109, 0.0105, 0.0105, 0.0107, 0.0179, 0.0167, 0.0162, 0.016, 0.0144, 0.0235, 0.0226, 0.023, 0.0212, 0.0217, 0.0307, 0.0322, 0.0303, 0.0286, 0.0271, 0.0472, 0.0423, 0.0433, 0.041, 0.041, 0.0666, 0.0655, 0.0628, 0.0635, 0.064, 0.14363, 0.1528, 0.1371
0.012, 0.0125, 0.0109, 0.0105, 0.0105, 0.018, 0.0179, 0.0167, 0.0162, 0.016, 0.0245, 0.0235, 0.0226, 0.023, 0.0212, 0.032, 0.0307, 0.0322, 0.0303, 0.0286, 0.0452, 0.0472, 0.0423, 0.0433, 0.041, 0.0637, 0.0666, 0.0655, 0.0628, 0.0635, 0.1233, 0.14363, 0.1528, 0.1371
0.012, 0.0125, 0.0109, 0.0105, 0.0179, 0.018, 0.0179, 0.0167, 0.0162, 0.0251, 0.0245, 0.0235, 0.0226, 0.023, 0.0348, 0.032, 0.0307, 0.0322, 0.0303, 0.0469, 0.0452, 0.0472, 0.0423, 0.0433, 0.0706, 0.0637, 0.0666, 0.0655, 0.0628, 0.1222, 0.1233, 0.14363, 0.1528, 0.1371
0.012, 0.0125, 0.0109, 0.0184, 0.0179, 0.018, 0.0179, 0.0167, 0.0274, 0.0251, 0.0245, 0.0235, 0.0226, 0.0373, 0.0348, 0.032, 0.0307, 0.0322, 0.0488, 0.0469, 0.0452, 0.0472, 0.0423, 0.0682, 0.0706, 0.0637, 0.0666, 0.0655, 0.1234, 0.1222, 0.1233, 0.14363, 0.1528, 0.1371
0.012, 0.0125, 0.0203, 0.0184, 0.0179, 0.018, 0.0179, 0.027, 0.0274, 0.0251, 0.0245, 0.0235, 0.034, 0.0373, 0.0348, 0.032, 0.0307, 0.0521, 0.0488, 0.0469, 0.0452, 0.0472, 0.0699, 0.0682, 0.0706, 0.0637, 0.0666, 0.1289, 0.1234, 0.1222, 0.1233, 0.14363, 0.1528, 0.1371
0.012, 0.0206, 0.0203, 0.0184, 0.0179, 0.018, 0.0281, 0.027, 0.0274, 0.0251, 0.0245, 0.0363, 0.034, 0.0373, 0.0348, 0.032, 0.0532, 0.0521, 0.0488, 0.0469, 0.0452, 0.0713, 0.0699, 0.0682, 0.0706, 0.0637, 0.1242, 0.1289, 0.1234, 0.1222, 0.1233, 0.14363, 0.1528, 0.1371
0.0208, 0.0206, 0.0203, 0.0184, 0.0179, 0.0296, 0.0281, 0.027, 0.0274, 0.0251, 0.0364, 0.0363, 0.034, 0.0373, 0.0348, 0.0513, 0.0532, 0.0521, 0.0488, 0.0469, 0.0764, 0.0713, 0.0699, 0.0682, 0.0706, 0.1248, 0.1242, 0.1289, 0.1234, 0.1222, 0.1233, 0.14363, 0.1528, 0.1371
0.0208, 0.0206, 0.0203, 0.0184, 0.0307, 0.0296, 0.0281, 0.027, 0.0274, 0.0378, 0.0364, 0.0363, 0.034, 0.0373, 0.0573, 0.0513, 0.0532, 0.0521, 0.0488, 0.0734, 0.0764, 0.0713, 0.0699, 0.0682, 0.1285, 0.1248, 0.1242, 0.1289, 0.1234, 0.1222, 0.1233, 0.14363, 0.1528, 0.1371
0.0208, 0.0206, 0.0241973, 0.0292, 0.0307, 0.0296, 0.0281, 0.027, 0.0418, 0.0378, 0.0364, 0.0363, 0.034, 0.0655, 0.0573, 0.0513, 0.0532, 0.0521, 0.0795, 0.0734, 0.0764, 0.0713, 0.0699, 0.131, 0.1285, 0.1248, 0.1242, 0.1289, 0.1234, 0.1222, 0.1233, 0.14363, 0.1528, 0.1371
0.0208, 0.0206, 0.031, 0.0292, 0.0307, 0.0296, 0.0281, 0.0409, 0.0418, 0.0378, 0.0364, 0.0363, 0.0537, 0.0655, 0.0573, 0.0513, 0.0532, 0.0867, 0.0795, 0.0734, 0.0764, 0.0713, 0.1323, 0.131, 0.1285, 0.1248, 0.1242, 0.1289, 0.1234, 0.1222, 0.1233, 0.14363, 0.1528, 0.1371
0.0208, 0.0302, 0.031, 0.0292, 0.0307, 0.0296, 0.0431, 0.0409, 0.0418, 0.0378, 0.0364, 0.0546, 0.0537, 0.0897113, 0.0573, 0.0513, 0.0845, 0.0867, 0.0795, 0.0734, 0.0764, 0.1308, 0.1323, 0.131, 0.1285, 0.1248, 0.1242, 0.1289, 0.1234, 0.1222, 0.1233, 0.14363, 0.1528, 0.1371
0.0301, 0.0302, 0.031, 0.0292, 0.0307, 0.0466, 0.0431, 0.0409, 0.0418, 0.0378, 0.0616, 0.0546, 0.0537, 0.0893693, 0.0573, 0.0875, 0.0845, 0.0867, 0.0795, 0.0734, 0.14, 0.1308, 0.1323, 0.131, 0.1285, 0.1248, 0.1242, 0.1289, 0.1234, 0.1222, 0.1233, 0.14363, 0.1528, 0.1371
0.0301, 0.0302, 0.031, 0.0292, 0.0454, 0.0466, 0.0431, 0.0409, 0.0418, 0.0642, 0.0616, 0.0546, 0.0537, 0.0655, 0.0879, 0.0875, 0.0845, 0.0867, 0.0795, 0.1356, 0.14, 0.1308, 0.1323, 0.131, 0.1285, 0.1248, 0.1242, 0.1289, 0.1234, 0.1222, 0.1233, 0.14363, 0.1528, 0.1371
0.0301, 0.0302, 0.0395061, 0.0449, 0.0454, 0.0466, 0.0431, 0.0409, 0.0649, 0.0642, 0.0616, 0.0546, 0.0537, 0.0896, 0.0879, 0.0875, 0.0845, 0.0867, 0.1358, 0.1356, 0.14, 0.1308, 0.1323, 0.131, 0.1285, 0.1248, 0.1242, 0.1289, 0.1234, 0.1222, 0.1233, 0.14363, 0.1528, 0.1371
0.0301, 0.0420121, 0.0468, 0.0449, 0.0454, 0.0466, 0.0431, 0.0674, 0.0649, 0.0642, 0.0616, 0.0546, 0.0903, 0.0896, 0.0879, 0.0875, 0.0845, 0.1453, 0.1358, 0.1356, 0.14, 0.1308, 0.1323, 0.131, 0.1285, 0.1248, 0.1242, 0.1289, 0.1234, 0.1222, 0.1233, 0.14363, 0.1528, 0.1371
0.0301, 0.0617147, 0.0468, 0.0449, 0.0454, 0.0466, 0.0711, 0.0674, 0.0649, 0.0642, 0.0616, 0.0902, 0.0903, 0.0896, 0.0879, 0.0875, 0.1419, 0.1453, 0.1358, 0.1356, 0.14, 0.1308, 0.1323, 0.131, 0.1285, 0.1248, 0.1242, 0.1289, 0.1234, 0.1222, 0.1233, 0.14363, 0.1528, 0.1371
0.0469, 0.0459, 0.0468, 0.0449, 0.0454, 0.0742, 0.0711, 0.0674, 0.0649, 0.0642, 0.103, 0.0902, 0.0903, 0.0896, 0.0879, 0.1423, 0.1419, 0.1453, 0.1358, 0.1356, 0.14, 0.1308, 0.1323, 0.131, 0.1285, 0.1248, 0.1242, 0.1289, 0.1234, 0.1222, 0.1233, 0.14363, 0.1528, 0.1371
0.0469, 0.0459, 0.0591109, 0.0449, 0.07, 0.0742, 0.0711, 0.0674, 0.0649, 0.0962, 0.103, 0.0902, 0.0903, 0.0896, 0.1465, 0.1423, 0.1419, 0.1453, 0.1358, 0.1356, 0.14, 0.1308, 0.1323, 0.131, 0.1285, 0.1248, 0.1242, 0.1289, 0.1234, 0.1222, 0.1233, 0.14363, 0.1528, 0.1371
0.0469, 0.0459, 0.062771, 0.07, 0.07, 0.0742, 0.0711, 0.0674, 0.1034, 0.0962, 0.103, 0.0902, 0.0903, 0.1876, 0.1465, 0.1423, 0.1419, 0.1453, 0.1358, 0.1356, 0.14, 0.1308, 0.1323, 0.131, 0.1285, 0.1248, 0.1242, 0.1289, 0.1234, 0.1222, 0.1233, 0.14363, 0.1528, 0.1371
0.0469, 0.0459, 0.0688, 0.07, 0.07, 0.0742, 0.0711, 0.0978, 0.1034, 0.0962, 0.103, 0.0902, 0.1425, 0.1876, 0.1465, 0.1423, 0.1419, 0.1453, 0.1358, 0.1356, 0.14, 0.1308, 0.1323, 0.131, 0.1285, 0.1248, 0.1242, 0.1289, 0.1234, 0.1222, 0.1233, 0.14363, 0.1528, 0.1371
0.0469, 0.0792105, 0.0688, 0.0817647, 0.07, 0.0742, 0.104, 0.0978, 0.1034, 0.0962, 0.103, 0.1435, 0.1425, 0.1876, 0.1465, 0.1423, 0.1419, 0.1453, 0.1358, 0.1356, 0.14, 0.1308, 0.1323, 0.131, 0.1285, 0.1248, 0.1242, 0.1289, 0.1234, 0.1222, 0.1233, 0.14363, 0.1528, 0.1371
0.0673, 0.0676, 0.0688, 0.07, 0.07, 0.1052, 0.104, 0.0978, 0.1034, 0.0962, 0.170761, 0.1435, 0.1425, 0.1876, 0.1465, 0.1423, 0.1419, 0.1453, 0.1358, 0.1356, 0.14, 0.1308, 0.1323, 0.131, 0.1285, 0.1248, 0.1242, 0.1289, 0.1234, 0.1222, 0.1233, 0.14363, 0.1528, 0.1371
0.0673, 0.0770869, 0.0809382, 0.07, 0.1006, 0.1052, 0.104, 0.0978, 0.1034, 0.179799, 0.170761, 0.1435, 0.1425, 0.1876, 0.1465, 0.1423, 0.1419, 0.1453, 0.1358, 0.1356, 0.14, 0.1308, 0.1323, 0.131, 0.1285, 0.1248, 0.1242, 0.1289, 0.1234, 0.1222, 0.1233, 0.14363, 0.1528, 0.1371
0.0673, 0.0676, 0.0881717, 0.0899, 0.1006, 0.1052, 0.104, 0.0978, 0.162683, 0.179799, 0.170761, 0.1435, 0.1425, 0.1876, 0.1465, 0.1423, 0.1419, 0.1453, 0.1358, 0.1356, 0.14, 0.1308, 0.1323, 0.131, 0.1285, 0.1248, 0.1242, 0.1289, 0.1234, 0.1222, 0.1233, 0.14363, 0.1528, 0.1371
0.0673, 0.0875203, 0.0976, 0.0899, 0.114925, 0.1052, 0.104, 0.154574, 0.162683, 0.179799, 0.170761, 0.1435, 0.1425, 0.1876, 0.1465, 0.1423, 0.1419, 0.1453, 0.1358, 0.1356, 0.14, 0.1308, 0.1323, 0.131, 0.1285, 0.1248, 0.1242, 0.1289, 0.1234, 0.1222, 0.1233, 0.14363, 0.1528, 0.1371
0.0673, 0.138375, 0.0976, 0.0899, 0.1006, 0.1052, 0.14711, 0.154574, 0.162683, 0.179799, 0.170761, 0.1435, 0.1425, 0.1876, 0.1465, 0.1423, 0.1419, 0.1453, 0.1358, 0.1356, 0.14, 0.1308, 0.1323, 0.131, 0.1285, 0.1248, 0.1242, 0.1289, 0.1234, 0.1222, 0.1233, 0.14363, 0.1528, 0.1371
0.0972, 0.1031, 0.0976, 0.0899, 0.1006, 0.163691, 0.14711, 0.154574, 0.162683, 0.179799, 0.170761, 0.1435, 0.1425, 0.1876, 0.1465, 0.1423, 0.1419, 0.1453, 0.1358, 0.1356, 0.14, 0.1308, 0.1323, 0.131, 0.1285, 0.1248, 0.1242, 0.1289, 0.1234, 0.1222, 0.1233, 0.14363, 0.1528, 0.1371
0.0972, 0.1031, 0.121151, 0.0899, 0.145144, 0.163691, 0.14711, 0.154574, 0.162683, 0.179799, 0.170761, 0.1435, 0.1425, 0.1876, 0.1465, 0.1423, 0.1419, 0.1453, 0.1358, 0.1356, 0.14, 0.1308, 0.1323, 0.131, 0.1285, 0.1248, 0.1242, 0.1289, 0.1234, 0.1222, 0.1233, 0.14363, 0.1528, 0.1371
0.0972, 0.1031, 0.0976, 0.1375, 0.145144, 0.163691, 0.14711, 0.154574, 0.162683, 0.179799, 0.170761, 0.1435, 0.1425, 0.1876, 0.1465, 0.1423, 0.1419, 0.1453, 0.1358, 0.1356, 0.14, 0.1308, 0.1323, 0.131, 0.1285, 0.1248, 0.1242, 0.1289, 0.1234, 0.1222, 0.1233, 0.14363, 0.1528, 0.1371
0.0972, 0.1031, 0.158759, 0.1375, 0.145144, 0.163691, 0.14711, 0.154574, 0.162683, 0.179799, 0.170761, 0.1435, 0.1425, 0.1876, 0.1465, 0.1423, 0.1419, 0.1453, 0.1358, 0.1356, 0.14, 0.1308, 0.1323, 0.131, 0.1285, 0.1248, 0.1242, 0.1289, 0.1234, 0.1222, 0.1233, 0.14363, 0.1528, 0.1371
0.0972, 0.14404, 0.158759, 0.1375, 0.145144, 0.163691, 0.14711, 0.154574, 0.162683, 0.179799, 0.170761, 0.1435, 0.1425, 0.1876, 0.1465, 0.1423, 0.1419, 0.1453, 0.1358, 0.1356, 0.14, 0.1308, 0.1323, 0.131, 0.1285, 0.1248, 0.1242, 0.1289, 0.1234, 0.1222, 0.1233, 0.14363, 0.1528, 0.1371
0.1423, 0.14404, 0.158759, 0.1375, 0.145144, 0.163691, 0.14711, 0.154574, 0.162683, 0.179799, 0.170761, 0.1435, 0.1425, 0.1876, 0.1465, 0.1423, 0.1419, 0.1453, 0.1358, 0.1356, 0.14, 0.1308, 0.1323, 0.131, 0.1285, 0.1248, 0.1242, 0.1289, 0.1234, 0.1222, 0.1233, 0.14363, 0.1528, 0.1371
Fertility matrix from year 1990 (starting from row 10):
0, 0.00021432, 0.00740679, 0.0145216, 0.0213462, 0.0284917, 0.03729, 0.0493819, 0.065533, 0.0839346, 0.103451, 0.120262, 0.130616, 0.132117, 0.126668, 0.119039, 0.111384, 0.10161, 0.0900837, 0.0773914, 0.0633958, 0.0493711, 0.0372769, 0.0281681, 0.0215013, 0.0154375, 0.00951771, 0.00509967, 0.00235508, 0.000950688, 0.000381574, 0.00020341, 0.000113246, 0, 0
0, 0.00113506, 0.00769858, 0.0138773, 0.0195186, 0.025343, 0.0328349, 0.0438063, 0.0591413, 0.0769958, 0.0959918, 0.112346, 0.1226, 0.124445, 0.119668, 0.112886, 0.106052, 0.0969737, 0.085916, 0.0735257, 0.0598116, 0.0461386, 0.0344199, 0.0257287, 0.0195024, 0.0138649, 0.00833024, 0.00425948, 0.00181417, 0.000661844, 0.000302036, 0.000293579, 0.000333637, 0.000277467, 0.000128541
0, 0.000872545, 0.00729739, 0.0132848, 0.0186935, 0.0242743, 0.0315589, 0.0424139, 0.0577575, 0.0757193, 0.0948392, 0.111316, 0.121751, 0.123837, 0.119338, 0.112873, 0.106328, 0.0974147, 0.0863489, 0.0738261, 0.0599269, 0.0461028, 0.0343005, 0.0256328, 0.019505, 0.0139864, 0.0085342, 0.0044966, 0.00201213, 0.00077007, 0.000306979, 0.00021331, 0.000205305, 0.000142948, 2.0993e-05
0, 0.0017189, 0.00802651, 0.0135067, 0.0180691, 0.0226606, 0.0291364, 0.0397406, 0.0556147, 0.074658, 0.0950694, 0.112641, 0.123816, 0.1261, 0.121397, 0.114612, 0.107857, 0.0988303, 0.0878244, 0.0754746, 0.0617674, 0.0480411, 0.036205, 0.0273245, 0.0208574, 0.014953, 0.00915747, 0.00484954, 0.0022092, 0.000899713, 0.000408701, 0.00028577, 0.000225195, 8.65862e-05, 0
0, 0.00133584, 0.00747233, 0.0125904, 0.0166267, 0.0206406, 0.0266735, 0.0371878, 0.0534533, 0.0732319, 0.0944818, 0.112786, 0.124562, 0.127227, 0.122721, 0.116138, 0.109572, 0.100509, 0.0891831, 0.0763174, 0.0619883, 0.0477013, 0.0354871, 0.0265051, 0.0201428, 0.0143934, 0.00870505, 0.00449662, 0.00192185, 0.000652654, 0.000197138, 0.000121219, 0.000125722, 6.56526e-05, 0
0, 0.000464754, 0.00652103, 0.0118341, 0.0163113, 0.0208727, 0.0273247, 0.0378531, 0.0535679, 0.0724145, 0.0925625, 0.109954, 0.121237, 0.124016, 0.120062, 0.114181, 0.10819, 0.0995253, 0.0883088, 0.0753457, 0.0608769, 0.0465406, 0.0343575, 0.0255308, 0.0194099, 0.0139189, 0.00844515, 0.00440341, 0.00192412, 0.0006946, 0.000251546, 0.000184817, 0.000208326, 0.000177764, 8.17389e-05
0, 0.00102185, 0.00680187, 0.0117333, 0.0157524, 0.0198151, 0.0257702, 0.0358486, 0.0511979, 0.0697778, 0.0896186, 0.106784, 0.118208, 0.121607, 0.118602, 0.113822, 0.10881, 0.100838, 0.0898843, 0.0768573, 0.0622436, 0.0478175, 0.0355148, 0.0265681, 0.020326, 0.0146788, 0.00902078, 0.00481672, 0.00221476, 0.000895437, 0.000380286, 0.000246958, 0.000204036, 0.000109744, 0
0, 0.00143396, 0.00676263, 0.0112289, 0.0147923, 0.0183822, 0.0237761, 0.0331151, 0.0475102, 0.0650425, 0.083698, 0.0998814, 0.110994, 0.114986, 0.113223, 0.109959, 0.106285, 0.0992795, 0.088704, 0.0756238, 0.0608549, 0.0464118, 0.0341812, 0.0254683, 0.0195682, 0.0142685, 0.00887523, 0.00485352, 0.00232099, 0.000986132, 0.000418271, 0.000235856, 0.000171906, 9.03801e-05, 0
0, 0.0022506, 0.00698757, 0.0110228, 0.0143154, 0.0176242, 0.0224078, 0.0304247, 0.0425836, 0.0572942, 0.0729338, 0.086493, 0.0957361, 0.0989356, 0.0972663, 0.094258, 0.0909311, 0.0850046, 0.0763536, 0.0657736, 0.0538776, 0.0421348, 0.0319311, 0.0242347, 0.0185853, 0.0133267, 0.00810311, 0.00422232, 0.00188698, 0.000778433, 0.000400779, 0.000320675, 0.000250739, 7.04078e-05, 0
0, 0.00362731, 0.00828215, 0.0118516, 0.0143484, 0.0167168, 0.0207163, 0.0284559, 0.0410545, 0.0567198, 0.0734359, 0.0879025, 0.0979136, 0.101634, 0.100267, 0.0975932, 0.0945623, 0.0885445, 0.0793069, 0.0677993, 0.0547956, 0.0420654, 0.0312097, 0.023363, 0.0179336, 0.0129957, 0.00799712, 0.00428026, 0.00198414, 0.000824415, 0.00037274, 0.000251594, 0.000202012, 0.000100523, 0
0, 0.0033424, 0.00841823, 0.0127873, 0.0164181, 0.0200978, 0.0253298, 0.0339245, 0.0468227, 0.0624065, 0.0787759, 0.0930546, 0.103417, 0.108263, 0.108499, 0.10765, 0.106038, 0.100534, 0.0905583, 0.0773979, 0.0624275, 0.047947, 0.0356128, 0.0267759, 0.0207337, 0.0152224, 0.00956759, 0.00532273, 0.00263924, 0.00121054, 0.000574279, 0.000323091, 0.000177856, 6.03281e-06, 0
0, 0.0037017, 0.0078729, 0.011239, 0.0138044, 0.0163239, 0.0202087, 0.0271516, 0.0380481, 0.0514486, 0.0655927, 0.077918, 0.0868793, 0.0910752, 0.0913078, 0.0905897, 0.0892765, 0.0847785, 0.0766445, 0.0659057, 0.053692, 0.0418145, 0.0315432, 0.0239408, 0.0184952, 0.0134189, 0.00828206, 0.00444396, 0.00209648, 0.000935862, 0.000489878, 0.000345751, 0.000229471, 2.5616e-05, 0
0, 0.00349625, 0.00745305, 0.0107824, 0.0134843, 0.0162157, 0.0202092, 0.0269435, 0.0371992, 0.0497025, 0.062716, 0.0741396, 0.0829621, 0.0880722, 0.0899349, 0.0911783, 0.0914962, 0.0878724, 0.0795094, 0.0677466, 0.0542709, 0.0413859, 0.0304023, 0.0225753, 0.0172707, 0.0123806, 0.00732588, 0.00361604, 0.00142626, 0.000440995, 0.000177805, 0.000213158, 0.000260931, 0.00019205, 2.46686e-05
0, 0.00242134, 0.00595363, 0.00919102, 0.0121074, 0.0151656, 0.0192561, 0.0254528, 0.0343101, 0.0448548, 0.0556757, 0.0652575, 0.0729914, 0.0780835, 0.0807399, 0.0830174, 0.0842604, 0.0815977, 0.0741329, 0.0632121, 0.0506406, 0.0387027, 0.0285417, 0.0213554, 0.0165351, 0.012091, 0.00744461, 0.00398494, 0.00185901, 0.000797588, 0.000389911, 0.000275161, 0.000209074, 8.05913e-05, 0
0, 0.0023573, 0.00584776, 0.00911474, 0.0121277, 0.0153107, 0.0194859, 0.0256457, 0.0342995, 0.0445359, 0.0549707, 0.0642391, 0.0718872, 0.0772118, 0.0803182, 0.0831504, 0.0848513, 0.0824174, 0.0748475, 0.0635865, 0.0505888, 0.0383161, 0.0279767, 0.0208484, 0.0162541, 0.0120844, 0.00764644, 0.00431199, 0.0021826, 0.00102456, 0.000490197, 0.000272067, 0.000156579, 3.74147e-05, 0
0, 0.00291753, 0.00647743, 0.00975735, 0.012732, 0.0158467, 0.0199589, 0.0261023, 0.0348106, 0.0451465, 0.0557191, 0.0650938, 0.0727423, 0.0779202, 0.0807865, 0.0833034, 0.0847498, 0.0822673, 0.0749371, 0.0641075, 0.0516369, 0.0397877, 0.0296219, 0.0223099, 0.0172785, 0.0125837, 0.00771048, 0.00408222, 0.00187873, 0.000808413, 0.000419397, 0.000316381, 0.000236063, 6.6e-05, 0
0, 0.00264783, 0.00594665, 0.00893368, 0.0116026, 0.0144195, 0.0182638, 0.0241924, 0.0327597, 0.0430443, 0.0535084, 0.0628564, 0.0708687, 0.0769187, 0.0809885, 0.0848834, 0.08752, 0.085744, 0.0784284, 0.0670998, 0.0539764, 0.0415799, 0.0309291, 0.0232823, 0.0180332, 0.0131003, 0.00794777, 0.00412218, 0.0018289, 0.000750854, 0.000393313, 0.000324241, 0.000257902, 7.57488e-05, 0
0, 0.002087, 0.0054317, 0.00865905, 0.0117422, 0.0150614, 0.0193535, 0.0255077, 0.0339808, 0.043957, 0.0540135, 0.0630712, 0.0710573, 0.0774581, 0.0821441, 0.0867015, 0.0898886, 0.08857, 0.0815604, 0.0703958, 0.0574562, 0.0451944, 0.0343816, 0.0261944, 0.0201455, 0.0142776, 0.00828577, 0.00388307, 0.00140335, 0.000429312, 0.00028827, 0.000397674, 0.000385302, 0.000119302, 0
0, 0.00248288, 0.00571354, 0.00856888, 0.0110564, 0.013688, 0.0174171, 0.023386, 0.0322014, 0.0428934, 0.0537981, 0.0635746, 0.0720685, 0.0786475, 0.0832628, 0.0877021, 0.090825, 0.0894139, 0.0823, 0.0710246, 0.057941, 0.0455243, 0.0346048, 0.026383, 0.0203516, 0.0145185, 0.00854466, 0.00413695, 0.00161559, 0.000574898, 0.000362395, 0.000412716, 0.000363731, 8.55891e-05, 0
0, 0.00193785, 0.00480175, 0.00719147, 0.0091333, 0.0111797, 0.0143436, 0.0198353, 0.0283057, 0.0387619, 0.0495261, 0.0591875, 0.0675319, 0.0738932, 0.0782874, 0.0824308, 0.0854103, 0.0843471, 0.0782292, 0.0683859, 0.0569484, 0.0459752, 0.0359999, 0.0279941, 0.0216398, 0.0153207, 0.00898259, 0.0042992, 0.00168816, 0.000692926, 0.000559697, 0.00063959, 0.000528492, 0.000102025, 0
0, 0.00201543, 0.0045884, 0.00674282, 0.00850973, 0.0103871, 0.0132813, 0.018274, 0.0259506, 0.0354376, 0.0451479, 0.0539199, 0.0617641, 0.0681644, 0.0730125, 0.077709, 0.081208, 0.0807778, 0.075386, 0.0663106, 0.0557479, 0.0455967, 0.0361186, 0.0281591, 0.0215255, 0.0147938, 0.00812984, 0.0032844, 0.0007752, 6.89165e-05, 0.000274868, 0.000628497, 0.000659541, 0.000234068, 0
0, 0.00219307, 0.0048771, 0.00679455, 0.00801194, 0.00923297, 0.0117189, 0.01697, 0.0258093, 0.0370689, 0.048791, 0.0592713, 0.0682141, 0.0748233, 0.0792002, 0.0832773, 0.0862506, 0.0851517, 0.0789858, 0.0690846, 0.0575557, 0.0464715, 0.0364108, 0.0283635, 0.0219985, 0.0156766, 0.0093213, 0.00460395, 0.0019341, 0.000864045, 0.000654615, 0.00066951, 0.00051246, 6.1515e-05, 0
0, 0.00195253, 0.00460493, 0.00646045, 0.00760391, 0.00878821, 0.0113509, 0.0168799, 0.0262536, 0.0382622, 0.0506562, 0.0618283, 0.0718684, 0.08009, 0.0863555, 0.0925482, 0.0972759, 0.0968881, 0.0900093, 0.078356, 0.0646947, 0.0517114, 0.0400871, 0.0310715, 0.0241949, 0.0174066, 0.0104727, 0.00530863, 0.00233164, 0.00106955, 0.000747653, 0.000698029, 0.00050182, 2.48349e-05, 0
0, 0.00169659, 0.00402282, 0.00556165, 0.00639565, 0.00723424, 0.00933529, 0.0141918, 0.0226306, 0.0335199, 0.0448541, 0.0550491, 0.0640072, 0.0710232, 0.0760958, 0.0809613, 0.0846732, 0.084274, 0.0787121, 0.0693206, 0.058318, 0.0477265, 0.0379438, 0.0298959, 0.0233217, 0.016703, 0.0100712, 0.00511324, 0.00228529, 0.00112138, 0.000842029, 0.000778412, 0.000519882, 0, 0
0, 0.00132305, 0.00354567, 0.00509558, 0.006062, 0.00712212, 0.00946759, 0.0145106, 0.0230384, 0.0340013, 0.0452099, 0.0554387, 0.0651883, 0.0740105, 0.0815246, 0.0891754, 0.0952021, 0.0959307, 0.0898359, 0.0786919, 0.0655402, 0.0530756, 0.0417015, 0.0326019, 0.0253968, 0.0181527, 0.0107947, 0.0053223, 0.00223559, 0.00101072, 0.000775768, 0.000781689, 0.000566085, 0, 0
0, 0.000802956, 0.00285344, 0.00434598, 0.00536104, 0.00651063, 0.00887186, 0.0137212, 0.0217702, 0.0320697, 0.042559, 0.0521932, 0.0615716, 0.0703397, 0.0780542, 0.0859422, 0.0922102, 0.0933589, 0.0878882, 0.0774956, 0.0651938, 0.0535052, 0.0426414, 0.0336733, 0.0263169, 0.0188306, 0.0112812, 0.00564859, 0.00248121, 0.00123417, 0.000990843, 0.000965782, 0.000679694, 3.14919e-06, 0
0, 0.00106224, 0.00294, 0.00418388, 0.00488963, 0.00569374, 0.00770578, 0.0122381, 0.0200286, 0.0301254, 0.0404278, 0.0499012, 0.0592031, 0.0679985, 0.0758277, 0.0838483, 0.0902705, 0.0916642, 0.0865434, 0.0765652, 0.0647279, 0.0534617, 0.0428745, 0.033977, 0.0265382, 0.0189186, 0.0112653, 0.00555419, 0.00236292, 0.00113233, 0.000916723, 0.000906825, 0.000611683, 0, 0
0, 0.00121074, 0.00283688, 0.00379159, 0.00418136, 0.00463716, 0.00624894, 0.0103033, 0.0175296, 0.0270181, 0.0367018, 0.0456241, 0.0545139, 0.0630867, 0.0708579, 0.0788687, 0.0853319, 0.0869379, 0.0822288, 0.0728094, 0.0615992, 0.0509501, 0.0409429, 0.0325473, 0.0255381, 0.0183482, 0.0111056, 0.0056843, 0.00262861, 0.0014143, 0.00115371, 0.0010874, 0.000755236, 3.90504e-05, 0
0, 0.00119736, 0.00270566, 0.00356316, 0.00387826, 0.0042621, 0.00576567, 0.0096285, 0.016556, 0.0256825, 0.0349664, 0.043549, 0.0522568, 0.0608657, 0.0688358, 0.077103, 0.0837969, 0.0856099, 0.0810529, 0.0717443, 0.0606498, 0.0501356, 0.0402501, 0.0319592, 0.0250404, 0.0179316, 0.0107654, 0.00541622, 0.00243023, 0.00128118, 0.00107821, 0.00105917, 0.000762165, 6.84711e-05, 0
0, 0.00148891, 0.00286405, 0.00344329, 0.0033581, 0.0032888, 0.00439595, 0.00804592, 0.0150219, 0.0243921, 0.0339932, 0.0428601, 0.0518126, 0.0605863, 0.0686689, 0.0770197, 0.0838391, 0.0858756, 0.081675, 0.0728012, 0.0621772, 0.0520532, 0.0423755, 0.0340421, 0.0268915, 0.0194956, 0.0120658, 0.00644108, 0.00319058, 0.00179372, 0.00135934, 0.00112704, 0.000641589, 0, 0
0, 0.00120499, 0.00241358, 0.00309636, 0.00336153, 0.00373154, 0.00509138, 0.00848136, 0.0145016, 0.0224577, 0.0304216, 0.0379102, 0.0461032, 0.0550011, 0.0638548, 0.0731957, 0.0808451, 0.083519, 0.0796146, 0.0707893, 0.0601858, 0.05019, 0.0406811, 0.0325864, 0.0257203, 0.0186058, 0.0114184, 0.00600318, 0.00291742, 0.00164611, 0.00130959, 0.00115688, 0.000737302, 0, 0
0, 0.00128104, 0.00234703, 0.00287546, 0.00298624, 0.00320593, 0.00441686, 0.00765386, 0.0135197, 0.0213465, 0.0291647, 0.0365846, 0.0449426, 0.0543103, 0.063855, 0.073916, 0.0822266, 0.0855724, 0.082326, 0.0741018, 0.0641602, 0.0547089, 0.0452884, 0.0366814, 0.0288754, 0.0206374, 0.0124449, 0.00627643, 0.002838, 0.00151761, 0.00125524, 0.001149, 0.000666, 0, 0
0, 0.00115187, 0.00210456, 0.00264706, 0.00288167, 0.0032433, 0.00445791, 0.00737618, 0.0124954, 0.0192734, 0.0259687, 0.0323715, 0.0398238, 0.0484732, 0.0574781, 0.0670397, 0.0749338, 0.0781477, 0.0751212, 0.0673971, 0.0580486, 0.0492219, 0.0405571, 0.0328291, 0.0259683, 0.0187577, 0.0115317, 0.00606449, 0.00295549, 0.00168098, 0.00133541, 0.00114798, 0.000662371, 0, 0
0.000235764, 0.000455018, 0.000843848, 0.00150378, 0.00257508, 0.00423724, 0.00669977, 0.0101794, 0.0148618, 0.0208499, 0.0281075, 0.0364106, 0.045323, 0.0542121, 0.0623102, 0.0688189, 0.073037, 0.0744842, 0.0729913, 0.0687328, 0.0621932, 0.0540765, 0.0451814, 0.0362741, 0.0279846, 0.0207457, 0.0147782, 0.0101159, 0.00665379, 0.00420552, 0.00255421, 0.00149066, 0.000835961, 0.000450482, 0.000233268
0.000248995, 0.000482747, 0.000899362, 0.00161003, 0.00276961, 0.00457814, 0.00727184, 0.011099, 0.0162784, 0.0229416, 0.0310686, 0.0404302, 0.0505563, 0.0607478, 0.070141, 0.0778215, 0.0829685, 0.0849988, 0.0836755, 0.0791535, 0.0719495, 0.0628451, 0.0527474, 0.0425419, 0.03297, 0.0245531, 0.0175703, 0.012082, 0.00798329, 0.00506888, 0.00309262, 0.00181313, 0.00102144, 0.000552948, 0.000287634
0.000198228, 0.000386029, 0.000722373, 0.00129893, 0.00224439, 0.00372644, 0.00594533, 0.00911472, 0.0134275, 0.0190079, 0.0258558, 0.0337962, 0.0424487, 0.0512326, 0.0594174, 0.0662167, 0.0709099, 0.0729681, 0.0721514, 0.0685555, 0.0625931, 0.0549157, 0.0462969, 0.0375054, 0.0291959, 0.0218391, 0.0156976, 0.0108423, 0.00719598, 0.0045893, 0.00281247, 0.00165621, 0.000937188, 0.000509594, 0.00026626
0.000187586, 0.000366952, 0.000689769, 0.0012459, 0.00216245, 0.00360658, 0.00578003, 0.00890124, 0.0131721, 0.0187304, 0.0255932, 0.0336037, 0.0423971, 0.0514009, 0.0598813, 0.0670344, 0.0721091, 0.0745365, 0.0740344, 0.0706617, 0.0648069, 0.0571142, 0.0483674, 0.0393593, 0.0307771, 0.0231257, 0.0166973, 0.0115847, 0.00772339, 0.00494786, 0.00304587, 0.00180174, 0.00102413, 0.00055938, 0.00029359
0.000164878, 0.00032398, 0.00061173, 0.0011099, 0.00193507, 0.00324185, 0.00521885, 0.00807313, 0.0120004, 0.0171409, 0.0235265, 0.0310289, 0.0393244, 0.0478899, 0.0560418, 0.0630181, 0.0680934, 0.0707018, 0.0705411, 0.0676301, 0.0623051, 0.0551561, 0.046919, 0.0383523, 0.0301244, 0.0227369, 0.0164904, 0.0114925, 0.00769639, 0.00495271, 0.00306256, 0.00181975, 0.00103902, 0.00057006, 0.00030054
0.000149526, 0.000295183, 0.000559952, 0.00102069, 0.00178782, 0.00300912, 0.00486675, 0.00756353, 0.0112952, 0.0162089, 0.0223509, 0.0296157, 0.0377083, 0.0461356, 0.0542403, 0.0612765, 0.0665199, 0.0693898, 0.0695546, 0.0669949, 0.0620074, 0.0551482, 0.0471309, 0.0387049, 0.030543, 0.0231602, 0.0168757, 0.0118158, 0.00794974, 0.00513958, 0.00319291, 0.00190604, 0.00109336, 0.000602668, 0.000319212
0.000135384, 0.000268478, 0.000511605, 0.000936799, 0.00164832, 0.00278692, 0.00452784, 0.00706875, 0.0106043, 0.0152864, 0.0211745, 0.0281843, 0.0360486, 0.0443052, 0.0523248, 0.0593808, 0.0647545, 0.0678548, 0.0683246, 0.0661089, 0.0614651, 0.054914, 0.0471437, 0.0388911, 0.0308293, 0.0234834, 0.0171888, 0.0120897, 0.00817093, 0.00530655, 0.00331161, 0.00198587, 0.00114432, 0.000633623, 0.000337131
0.000122606, 0.000244247, 0.000467554, 0.000860041, 0.00152017, 0.00258195, 0.00421397, 0.00660874, 0.00995938, 0.0144222, 0.0200686, 0.0268341, 0.0344781, 0.0425682, 0.0505026, 0.0575742, 0.0630708, 0.0663918, 0.0671564, 0.0652748, 0.0609663, 0.0547168, 0.0471886, 0.0391056, 0.0311406, 0.0238288, 0.0175211, 0.0123796, 0.00840502, 0.00548348, 0.00343762, 0.00207084, 0.00119872, 0.000666772, 0.000356386
0.000111043, 0.000222205, 0.000427268, 0.000789465, 0.00140168, 0.0023914, 0.00392049, 0.00617609, 0.00934915, 0.0135993, 0.0190084, 0.0255307, 0.0329506, 0.040865, 0.0486995, 0.0557679, 0.0613662, 0.0648875, 0.0659293, 0.0643697, 0.0603909, 0.0544436, 0.0471638, 0.0392605, 0.0314043, 0.0241384, 0.0178285, 0.0126533, 0.00862942, 0.00565514, 0.00356116, 0.00215489, 0.00125298, 0.000700077, 0.000375867
0.000100342, 0.000201675, 0.0003895, 0.000722849, 0.00128906, 0.00220894, 0.00363731, 0.00575521, 0.0087504, 0.0127844, 0.0179481, 0.0242127, 0.0313872, 0.0390974, 0.0467982, 0.0538266, 0.0594909, 0.0631815, 0.0644786, 0.0632306, 0.0595833, 0.0539521, 0.0469438, 0.0392495, 0.0315337, 0.0243446, 0.0180599, 0.0128741, 0.00881861, 0.00580457, 0.00367135, 0.00223135, 0.00130315, 0.000731317, 0.000394369
9.04827e-05, 0.000182689, 0.00035444, 0.000660782, 0.00118375, 0.00203772, 0.00337067, 0.00535763, 0.00818304, 0.01201, 0.0169377, 0.0229538, 0.0298909, 0.0374033, 0.0449745, 0.0519648, 0.0576949, 0.0615534, 0.0631034, 0.0621641, 0.0588454, 0.0535268, 0.046786, 0.0392958, 0.0317149, 0.0245961, 0.0183297, 0.0131259, 0.00903209, 0.00597219, 0.00379459, 0.00231676, 0.0013592, 0.000766249, 0.000415089
7.46466e-05, 0.000151399, 0.000295066, 0.000552588, 0.000994417, 0.00171957, 0.00285732, 0.00456227, 0.00699986, 0.0103201, 0.0146205, 0.0199034, 0.0260363, 0.0327278, 0.0395311, 0.0458826, 0.0511732, 0.0548433, 0.0564794, 0.0558912, 0.0531474, 0.0485632, 0.0426401, 0.0359762, 0.0291674, 0.0227231, 0.0170107, 0.0122366, 0.00845841, 0.00561824, 0.0035859, 0.00219928, 0.00129613, 0.000734009, 0.000399429
7.37375e-05, 0.000150228, 0.000294101, 0.000553257, 0.0010001, 0.00173718, 0.00289955, 0.00465053, 0.00716736, 0.0106146, 0.0151053, 0.0206559, 0.0271422, 0.0342713, 0.0415817, 0.0484796, 0.0543129, 0.05847, 0.0604851, 0.0601243, 0.0574299, 0.0527123, 0.0464913, 0.0394019, 0.0320885, 0.0251112, 0.018883, 0.0136446, 0.00947403, 0.00632114, 0.00405267, 0.00249674, 0.00147805, 0.000840799, 0.000459599
7.73856e-05, 0.000158367, 0.000311426, 0.000588477, 0.00106854, 0.00186438, 0.00312582, 0.00503592, 0.00779614, 0.0115975, 0.0165782, 0.0227717, 0.0300565, 0.0381213, 0.0464604, 0.0544106, 0.0612309, 0.0662131, 0.0688023, 0.0686986, 0.0659142, 0.060771, 0.0538393, 0.0458341, 0.0374942, 0.0294731, 0.0222624, 0.0161586, 0.01127, 0.00755314, 0.00486427, 0.00301018, 0.00179, 0.00102282, 0.000561603
6.10819e-05, 0.00012556, 0.000248014, 0.000470744, 0.000858574, 0.00150472, 0.00253408, 0.00410081, 0.00637682, 0.0095285, 0.0136814, 0.0188765, 0.0250264, 0.0318832, 0.0390312, 0.0459141, 0.0519, 0.0563734, 0.0588393, 0.0590129, 0.0568737, 0.05267, 0.0468706, 0.0400796, 0.0329331, 0.0260032, 0.0197292, 0.0143839, 0.0100769, 0.00678369, 0.00438823, 0.00272771, 0.00162927, 0.000935132, 0.000515748
5.74323e-05, 0.000118585, 0.000235282, 0.000448571, 0.000821787, 0.00144668, 0.00244721, 0.00397791, 0.00621332, 0.00932564, 0.0134499, 0.0186399, 0.0248231, 0.0317654, 0.0390605, 0.0461537, 0.0524037, 0.0571747, 0.059942, 0.0603872, 0.058458, 0.0543788, 0.0486073, 0.0417502, 0.034459, 0.0273295, 0.020828, 0.0152528, 0.0107334, 0.00725785, 0.00471592, 0.00294449, 0.0017666, 0.00101848, 0.000564225
5.01077e-05, 0.000103928, 0.000207132, 0.000396686, 0.000730012, 0.00129092, 0.00219357, 0.00358172, 0.00561974, 0.00847278, 0.012275, 0.0170885, 0.0228597, 0.0293848, 0.0362962, 0.0430811, 0.0491357, 0.053851, 0.0567122, 0.0573912, 0.0558085, 0.0521485, 0.046824, 0.0404, 0.033495, 0.0266849, 0.0204285, 0.0150277, 0.0106227, 0.00721544, 0.00470951, 0.00295376, 0.00178016, 0.00103093, 0.000573698
4.52089e-05, 9.4194e-05, 0.000188585, 0.000362808, 0.000670703, 0.00119143, 0.00203373, 0.00333582, 0.00525772, 0.00796302, 0.0115889, 0.0162067, 0.0217787, 0.0281226, 0.0348951, 0.0416064, 0.0476695, 0.0524817, 0.0555215, 0.0564417, 0.0551347, 0.0517531, 0.0466803, 0.0404591, 0.0336966, 0.0269675, 0.0207387, 0.0153253, 0.0108823, 0.00742539, 0.00486859, 0.00306741, 0.00185706, 0.00108036, 0.000603937
4.07271e-05, 8.52374e-05, 0.00017142, 0.000331267, 0.000615149, 0.00109766, 0.00188208, 0.00310095, 0.0049095, 0.00746905, 0.0109189, 0.0153383, 0.0207044, 0.0268555, 0.0334726, 0.0400896, 0.0461382, 0.0510241, 0.054222, 0.0553684, 0.0543294, 0.0512263, 0.0464128, 0.0404081, 0.0338053, 0.0271761, 0.0209931, 0.015583, 0.011115, 0.00761826, 0.0050175, 0.00317544, 0.00193111, 0.00112848, 0.000633674
3.67493e-05, 7.72525e-05, 0.000156049, 0.000302895, 0.00056495, 0.00101254, 0.00174381, 0.00288584, 0.00458913, 0.00701252, 0.0102968, 0.0145284, 0.0196979, 0.0256629, 0.0321276, 0.0386488, 0.0446766, 0.0496261, 0.0529696, 0.0543286, 0.0535448, 0.0507098, 0.0461479, 0.0403551, 0.0339102, 0.027381, 0.0212448, 0.0158396, 0.011348, 0.00781233, 0.00516806, 0.00328519, 0.00200668, 0.00117783, 0.000664309
3.30809e-05, 6.98495e-05, 0.000141721, 0.000276305, 0.000517641, 0.000931866, 0.00161199, 0.00267953, 0.00427996, 0.00656909, 0.00968851, 0.0137308, 0.018699, 0.0244696, 0.0307695, 0.0371793, 0.0431686, 0.0481638, 0.0516368, 0.0531966, 0.0526617, 0.0500946, 0.0457904, 0.0402201, 0.0339467, 0.027532, 0.0214568, 0.0160686, 0.0115631, 0.00799576, 0.00531287, 0.00339222, 0.00208125, 0.00122702, 0.000695122
2.96824e-05, 6.29499e-05, 0.000128285, 0.000251212, 0.000472705, 0.000854722, 0.00148506, 0.00247942, 0.00397778, 0.0061322, 0.00908401, 0.0129308, 0.0176871, 0.0232475, 0.0293617, 0.0356346, 0.0415573, 0.0465704, 0.0501486, 0.0518911, 0.0515957, 0.049297, 0.0452598, 0.0399293, 0.0338498, 0.0275744, 0.0215845, 0.0162355, 0.0117347, 0.00815018, 0.00543934, 0.00348828, 0.00214962, 0.00127291, 0.0007243
2.66742e-05, 5.68203e-05, 0.000116306, 0.000228761, 0.000432364, 0.000785238, 0.00137037, 0.00229805, 0.00370312, 0.00573404, 0.00853176, 0.0121984, 0.0167592, 0.0221252, 0.0280679, 0.034215, 0.0400784, 0.0451117, 0.0487927, 0.0507114, 0.0506458, 0.0486034, 0.0448205, 0.0397166, 0.0338184, 0.0276707, 0.0217557, 0.0164366, 0.0119327, 0.00832432, 0.00558014, 0.0035944, 0.00222482, 0.00132327, 0.000756284
2.18753e-05, 4.68069e-05, 9.62387e-05, 0.000190141, 0.000360981, 0.000658535, 0.00115441, 0.00194457, 0.00314756, 0.00489564, 0.00731697, 0.0105084, 0.0145021, 0.0192313, 0.024506, 0.0300071, 0.0353069, 0.0399192, 0.04337, 0.0452776, 0.0454218, 0.0437855, 0.0405586, 0.0361011, 0.0308777, 0.0253779, 0.0200425, 0.0152102, 0.0110918, 0.0077724, 0.00523352, 0.00338625, 0.00210537, 0.00125784, 0.000722113
2.14578e-05, 4.61198e-05, 9.5252e-05, 0.000189036, 0.000360497, 0.000660605, 0.00116324, 0.00196825, 0.00320019, 0.00499986, 0.00750629, 0.0108287, 0.0150113, 0.0199959, 0.0255948, 0.031481, 0.0372075, 0.042257, 0.0461161, 0.0483608, 0.0487326, 0.047188, 0.0439066, 0.0392568, 0.0337276, 0.0278446, 0.0220894, 0.0168388, 0.0123346, 0.00868212, 0.00587234, 0.00381665, 0.00238363, 0.00143047, 0.000824911
2.24187e-05, 4.83988e-05, 0.000100402, 0.000200141, 0.000383365, 0.000705627, 0.00124802, 0.00212107, 0.00346396, 0.00543597, 0.0081972, 0.0118779, 0.0165387, 0.0221282, 0.0284497, 0.0351476, 0.0417253, 0.047598, 0.0521752, 0.0549574, 0.0556255, 0.0541012, 0.0505623, 0.045408, 0.0391854, 0.0324939, 0.025892, 0.0198251, 0.0145865, 0.0103127, 0.00700614, 0.00457374, 0.00286912, 0.00172947, 0.00100175
1.76238e-05, 3.82139e-05, 7.96212e-05, 0.000159412, 0.000306688, 0.000566968, 0.00100717, 0.00171924, 0.00282003, 0.00444484, 0.00673199, 0.00979754, 0.0137018, 0.0184128, 0.0237767, 0.0295031, 0.035178, 0.040305, 0.0443745, 0.0469455, 0.0477244, 0.0466201, 0.0437615, 0.0394727, 0.0342127, 0.0284947, 0.0228048, 0.0175378, 0.0129601, 0.00920301, 0.00627965, 0.00411743, 0.0025942, 0.0015706, 0.00091372
1.64932e-05, 3.59201e-05, 7.51717e-05, 0.000151166, 0.000292106, 0.00054239, 0.000967759, 0.00165924, 0.00273359, 0.00432758, 0.00658328, 0.00962332, 0.0135174, 0.0182451, 0.0236639, 0.0294926, 0.0353203, 0.0406464, 0.0449475, 0.0477612, 0.0487675, 0.0478489, 0.0451128, 0.0408708, 0.0355806, 0.0297645, 0.023926, 0.0184811, 0.0137174, 0.00978365, 0.00670526, 0.00441587, 0.00279449, 0.00169931, 0.000992956
immigration matrix from year 1991:
0, 16, 3, 6, 6, 8, 4, 6, 21, 4, 0, 19, 0, 11, 3, 4, 4, 2, 7, 3, 4, 0, 0, 13, 0, 3, 3, 3, 0, 0, 5, 0, 5, 0
0, 3, 1, 2, 2, 3, 2, 2, 3, 3, 3, 9, 9, 7, 6, 6, 7, 7, 6, 7, 8, 9, 10, 10, 11, 10, 10, 10, 10, 9, 8, 9, 7, 7
0, 2, 1, 1, 1, 1, 1, 1, 2, 1, 2, 2, 3, 0, 1, 1, 1, 1, 0, 2, 1, 1, 3, 2, 2, 3, 3, 4, 3, 3, 2, 1, 4, 3
0, 1, 1, 1, 1, 1, 1, 1, 1, 1, 1, 1, 1, 0, 1, 0, 1, 1, 1, 3, 1, 0, 3, 2, 1, 2, 2, 2, 2, 2, 1, 0, 4, 3
0, 1, 1, 1, 1, 1, 0, 1, 1, 1, 0, 1, 1, 0, 0, 0, 1, 1, 0, 2, 1, 0, 2, 1, 1, 1, 2, 2, 1, 1, 1, 0, 3, 3
0, 1, 1, 0, 1, 1, 1, 1, 1, 1, 0, 1, 1, 0, 0, 0, 0, 1, 0, 1, 0, 0, 1, 0, 1, 1, 1, 1, 1, 1, 0, 0, 3, 3
0, 1, 0, 0, 0, 1, 1, 1, 1, 1, 0, 2, 2, 0, 2, 0, 1, 2, 1, 2, 1, 0, 1, 0, 1, 1, 1, 1, 1, 1, 0, 0, 3, 2
0, 1, 0, 0, 0, 0, 0, 1, 1, 0, 0, 1, 1, 0, 2, 1, 1, 1, 1, 1, 0, 0, 0, 0, 0, 0, 1, 1, 0, 0, 0, 0, 2, 2
0, 1, 0, 0, 0, 0, 0, 1, 1, 0, 0, 0, 0, 0, 0, 0, 0, 0, 0, 1, 0, 0, 0, 0, 0, 0, 0, 1, 0, 0, 0, 0, 2, 2
0, 1, 0, 0, 0, 0, 0, 0, 1, 0, 0, 1, 0, 0, 0, 0, 0, 0, 0, 1, 0, 0, 0, 0, 0, 0, 0, 0, 0, 0, 0, 0, 2, 2
0, 1, 0, 0, 0, 0, 0, 1, 0, 0, 0, 0, 0, 0, 0, 0, 0, 0, 0, 1, 0, 0, 0, 0, 0, 0, 0, 0, 0, 0, 0, 0, 2, 2
0, 1, 0, 0, 0, 0, 0, 0, 0, 0, 0, 0, 0, 0, 0, 0, 0, 0, 0, 1, 0, 0, 0, 0, 0, 0, 0, 0, 0, 0, 0, 0, 1, 2
0, 0, 0, 0, 0, 0, 0, 0, 0, 0, 0, 0, 0, 0, 0, 0, 0, 0, 1, 1, 0, 0, 0, 0, 0, 0, 0, 0, 0, 0, 0, 0, 2, 2
0, 0, 0, 0, 0, 0, 0, 0, 0, 0, 0, 0, 0, 0, 0, 0, 0, 0, 1, 1, 0, 0, 0, 0, 0, 0, 0, 0, 0, 0, 0, 0, 2, 2
0, 0, 0, 0, 0, 0, 0, 0, 0, 0, 0, 0, 0, 0, 0, 0, 0, 0, 1, 1, 0, 0, 0, 0, 0, 0, 0, 0, 0, 0, 0, 0, 2, 2
0, 0, 0, 0, 0, 0, 0, 0, 0, 0, 0, 0, 0, 0, 0, 0, 0, 0, 2, 1, 0, 0, 0, 0, 0, 0, 0, 1, 0, 1, 0, 0, 3, 2
0, 0, 0, 0, 0, 0, 0, 0, 0, 0, 0, 0, 0, 0, 0, 0, 0, 0, 1, 0, 0, 0, 0, 0, 0, 0, 0, 0, 0, 0, 0, 0, 2, 1
0, 0, 0, 0, 0, 0, 0, 0, 0, 0, 0, 0, 0, 0, 0, 0, 0, 0, 1, 0, 0, 0, 0, 0, 0, 0, 0, 0, 0, 0, 0, 0, 3, 1
0, 0, 0, 0, 0, 0, 0, 0, 0, 0, 0, 0, 0, 0, 0, 0, 0, 0, 1, 0, 0, 0, 0, 0, 0, 0, 0, 0, 0, 1, 0, 0, 3, 2
0, 0, 0, 0, 0, 0, 0, 0, 0, 0, 0, 0, 0, 0, 0, 0, 0, 0, 0, 0, 0, 0, 0, 0, 0, 0, 0, 0, 0, 1, 0, 0, 2, 1
0, 1, 1, 2, 1, 1, 1, 1, 0, 0, 0, 0, 0, 0, 0, 0, 0, 0, 0, 0, 0, 0, 0, 0, 0, 0, 0, 0, 0, 0, 0, 0, 1, 0
0, 2, 2, 2, 2, 2, 2, 1, 1, 1, 1, 1, 1, 0, 0, 1, 1, 1, 0, 1, 0, 0, 0, 0, 0, 0, 0, 0, 0, 0, 0, 0, 0, 0
0, 3, 3, 3, 3, 3, 3, 2, 2, 3, 3, 2, 3, 0, 4, 5, 3, 2, 1, 2, 1, 0, 0, 0, 0, 0, 0, 0, 0, 0, 0, 0, 0, 0
0, 5, 4, 4, 3, 3, 4, 3, 3, 4, 4, 4, 5, 0, 5, 6, 4, 4, 4, 5, 3, 0, 1, 1, 0, 1, 0, 1, 0, 1, 1, 0, 1, 1
0, 5, 5, 4, 3, 4, 4, 4, 3, 4, 4, 5, 7, 0, 6, 7, 5, 6, 6, 9, 4, 1, 3, 2, 2, 3, 2, 2, 2, 2, 2, 0, 3, 2
0, 4, 4, 4, 3, 3, 4, 3, 3, 4, 3, 6, 7, 1, 5, 5, 4, 6, 6, 9, 4, 1, 4, 5, 5, 5, 4, 5, 5, 5, 4, 1, 5, 5
0, 4, 4, 3, 3, 3, 4, 3, 3, 3, 3, 5, 6, 0, 3, 4, 4, 5, 6, 9, 3, 1, 4, 5, 5, 7, 5, 7, 6, 6, 5, 2, 8, 7
0, 3, 3, 3, 2, 3, 3, 3, 3, 3, 2, 4, 5, 0, 3, 3, 4, 5, 6, 9, 3, 1, 3, 4, 5, 6, 5, 7, 7, 6, 5, 3, 9, 7
0, 3, 3, 2, 2, 2, 3, 3, 3, 3, 2, 3, 5, 0, 2, 3, 4, 5, 5, 8, 3, 1, 3, 5, 5, 5, 5, 7, 5, 6, 5, 2, 9, 8
0, 3, 3, 3, 2, 2, 3, 2, 3, 3, 2, 3, 5, 0, 2, 2, 3, 4, 5, 8, 2, 1, 3, 4, 4, 5, 3, 6, 5, 6, 5, 1, 9, 8
0, 2, 2, 3, 2, 2, 3, 2, 2, 2, 2, 3, 4, 0, 2, 2, 3, 4, 4, 7, 2, 0, 3, 4, 3, 3, 3, 4, 4, 6, 3, 0, 9, 8
0, 2, 2, 2, 2, 3, 3, 3, 3, 2, 2, 2, 3, 0, 2, 2, 3, 3, 3, 5, 2, 0, 2, 3, 3, 3, 4, 5, 3, 4, 3, 0, 9, 7
0, 2, 2, 1, 1, 2, 3, 2, 3, 2, 1, 1, 2, 0, 1, 1, 2, 2, 3, 6, 2, 0, 1, 2, 2, 3, 2, 3, 3, 3, 3, 0, 8, 7
0, 1, 1, 1, 1, 2, 3, 2, 3, 2, 2, 3, 2, 0, 1, 1, 2, 2, 2, 5, 2, 0, 1, 1, 2, 3, 2, 2, 2, 3, 3, 0, 9, 7
0, 2, 1, 1, 1, 1, 2, 2, 3, 3, 2, 1, 2, 0, 1, 2, 1, 2, 2, 4, 1, 0, 1, 2, 2, 2, 2, 2, 3, 4, 3, 0, 8, 9
0, 1, 1, 1, 1, 1, 1, 1, 3, 2, 1, 1, 1, 0, 1, 1, 1, 2, 2, 4, 1, 1, 2, 1, 1, 2, 1, 2, 2, 3, 2, 0, 7, 7
0, 1, 1, 1, 0, 1, 1, 1, 2, 2, 1, 1, 2, 0, 0, 0, 1, 2, 2, 3, 1, 0, 1, 1, 1, 2, 2, 2, 2, 3, 1, 0, 7, 7
0, 2, 1, 1, 1, 1, 1, 1, 1, 1, 2, 2, 1, 0, 1, 1, 1, 1, 1, 3, 1, 1, 1, 1, 1, 2, 1, 2, 2, 2, 2, 0, 7, 7
0, 1, 0, 1, 1, 1, 1, 1, 1, 1, 1, 1, 1, 0, 1, 1, 1, 1, 1, 3, 1, 1, 1, 1, 2, 2, 1, 2, 2, 3, 2, 0, 6, 6
0, 1, 0, 0, 0, 0, 1, 1, 1, 1, 1, 1, 1, 0, 1, 1, 1, 1, 1, 3, 2, 1, 1, 2, 2, 2, 1, 1, 3, 2, 2, 0, 7, 8
0, 1, 1, 1, 0, 0, 1, 1, 1, 0, 0, 0, 1, 0, 0, 1, 1, 1, 1, 2, 1, 0, 1, 1, 2, 1, 1, 2, 2, 2, 2, 0, 8, 8
0, 1, 0, 0, 0, 0, 1, 0, 1, 1, 0, 2, 1, 0, 0, 0, 1, 1, 1, 2, 1, 1, 1, 2, 1, 1, 2, 2, 2, 2, 1, 0, 8, 9
0, 1, 0, 0, 0, 1, 1, 0, 0, 0, 1, 1, 1, 0, 0, 2, 1, 1, 1, 2, 2, 1, 1, 1, 1, 3, 3, 2, 2, 2, 3, 0, 8, 7
0, 1, 1, 0, 0, 0, 1, 0, 0, 0, 1, 0, 1, 0, 1, 1, 1, 1, 1, 3, 2, 1, 1, 1, 2, 2, 3, 2, 2, 4, 3, 0, 8, 7
0, 0, 0, 0, 0, 0, 0, 0, 1, 1, 0, 0, 0, 0, 1, 1, 1, 1, 2, 3, 2, 1, 1, 2, 2, 2, 2, 2, 4, 4, 3, 0, 7, 10
0, 0, 0, 0, 1, 0, 0, 1, 1, 1, 0, 1, 1, 0, 1, 1, 1, 2, 2, 3, 1, 1, 2, 2, 2, 2, 2, 5, 5, 4, 3, 0, 11, 10
0, 0, 0, 0, 0, 0, 0, 1, 0, 0, 0, 1, 1, 0, 1, 1, 2, 2, 1, 3, 2, 3, 3, 2, 2, 2, 4, 4, 4, 4, 3, 1, 10, 10
0, 0, 0, 0, 0, 0, 0, 0, 0, 0, 1, 1, 1, 0, 1, 2, 2, 1, 1, 2, 3, 3, 3, 2, 2, 4, 4, 4, 4, 4, 7, 1, 10, 10
0, 0, 0, 0, 0, 0, 0, 0, 0, 1, 1, 0, 1, 0, 2, 1, 1, 1, 1, 4, 3, 3, 2, 1, 4, 4, 4, 4, 4, 7, 6, 2, 10, 10
0, 0, 0, 0, 0, 0, 0, 0, 1, 1, 1, 1, 1, 0, 2, 2, 2, 2, 3, 4, 3, 2, 2, 5, 5, 4, 4, 4, 7, 6, 6, 1, 11, 17
0, 0, 0, 0, 0, 0, 0, 1, 0, 1, 0, 0, 2, 0, 2, 1, 1, 3, 3, 3, 2, 2, 5, 4, 4, 4, 4, 7, 7, 6, 6, 0, 16, 18
0, 0, 0, 0, 0, 0, 0, 0, 0, 0, 0, 2, 1, 0, 2, 1, 3, 3, 3, 3, 2, 5, 4, 4, 4, 4, 8, 7, 7, 6, 6, 7, 16, 17
0, 0, 0, 0, 0, 0, 0, 0, 0, 0, 1, 1, 1, 0, 2, 3, 3, 3, 3, 3, 4, 5, 4, 4, 4, 8, 8, 8, 7, 6, 12, 6, 14, 17
0, 0, 0, 0, 0, 0, 0, 0, 0, 1, 2, 2, 1, 0, 3, 3, 3, 3, 3, 6, 4, 4, 5, 5, 8, 8, 8, 7, 7, 13, 12, 6, 14, 15
0, 0, 0, 0, 0, 0, 0, 0, 1, 1, 1, 1, 1, 0, 3, 2, 3, 2, 5, 5, 4, 5, 5, 8, 9, 8, 8, 8, 14, 13, 12, 7, 14, 32
0, 0, 0, 0, 0, 0, 0, 0, 1, 1, 0, 0, 2, 0, 3, 3, 3, 5, 5, 5, 4, 4, 9, 8, 9, 8, 8, 14, 14, 13, 13, 7, 30, 34
0, 0, 0, 0, 0, 0, 1, 1, 0, 0, 0, 1, 1, 0, 3, 2, 4, 4, 4, 5, 4, 8, 9, 8, 8, 8, 13, 14, 14, 13, 12, 20, 32, 33
0, 0, 0, 0, 0, 0, 1, 1, 1, 0, 1, 2, 1, 0, 2, 4, 4, 4, 4, 4, 8, 8, 8, 7, 8, 14, 13, 13, 14, 12, 26, 21, 32, 36
0, 0, 0, 0, 0, 0, 0, 0, 0, 2, 1, 1, 1, 0, 3, 4, 3, 4, 5, 7, 7, 7, 8, 7, 13, 14, 13, 14, 13, 27, 26, 21, 32, 35
0, 0, 0, 0, 0, 0, 0, 0, 1, 1, 1, 1, 1, 0, 2, 2, 4, 3, 8, 7, 7, 7, 8, 13, 13, 14, 13, 13, 28, 26, 26, 21, 32, 36
0, 0, 0, 0, 0, 0, 0, 1, 1, 1, 1, 1, 2, 0, 3, 2, 2, 7, 7, 7, 7, 6, 11, 12, 12, 13, 11, 26, 27, 27, 26, 22, 31, 36
0, 0, 0, 0, 0, 0, 1, 1, 0, 1, 1, 2, 2, 0, 2, 2, 3, 5, 6, 6, 6, 12, 11, 11, 11, 13, 24, 25, 27, 26, 25, 21, 31, 34
0, 0, 0, 0, 0, 0, 1, 1, 0, 0, 1, 2, 2, 0, 2, 4, 4, 3, 4, 6, 10, 11, 11, 11, 10, 23, 24, 24, 26, 26, 25, 21, 32, 35
0, 0, 0, 0, 0, 0, 1, 0, 0, 1, 1, 2, 2, 0, 5, 4, 3, 4, 3, 8, 10, 10, 10, 10, 21, 22, 22, 24, 24, 24, 24, 20, 31, 34
0, 0, 0, 0, 0, 0, 0, 0, 1, 2, 1, 1, 1, 2, 5, 4, 3, 3, 7, 6, 6, 10, 9, 20, 21, 20, 20, 21, 24, 23, 23, 21, 30, 33
0, 0, 0, 0, 0, 0, 0, 1, 1, 1, 1, 1, 2, 1, 4, 4, 3, 6, 6, 7, 4, 7, 18, 19, 20, 20, 19, 20, 22, 23, 22, 20, 30, 32
0, 0, 0, 0, 0, 0, 1, 1, 1, 1, 1, 3, 2, 1, 3, 4, 7, 7, 6, 6, 6, 10, 12, 18, 18, 19, 19, 19, 20, 21, 22, 18, 28, 32
0, 0, 0, 0, 0, 0, 1, 1, 0, 1, 2, 2, 2, 1, 3, 5, 6, 6, 7, 5, 10, 12, 9, 12, 17, 17, 18, 18, 19, 19, 20, 19, 26, 30
0, 0, 0, 0, 1, 0, 1, 0, 0, 2, 2, 2, 2, 0, 4, 4, 5, 6, 6, 11, 10, 10, 11, 9, 11, 17, 16, 18, 19, 18, 19, 17, 26, 29
0, 0, 0, 0, 0, 0, 0, 0, 1, 1, 1, 2, 1, 3, 4, 4, 4, 4, 11, 11, 11, 10, 9, 11, 9, 11, 16, 16, 18, 18, 17, 16, 23, 27
0, 0, 0, 0, 0, 0, 0, 1, 1, 1, 1, 1, 3, 2, 3, 4, 4, 7, 9, 10, 10, 11, 8, 9, 10, 8, 11, 15, 16, 17, 17, 15, 22, 25
0, 0, 0, 0, 0, 0, 1, 1, 1, 1, 1, 3, 3, 2, 3, 3, 8, 7, 7, 8, 9, 10, 10, 8, 9, 10, 8, 10, 15, 14, 16, 14, 20, 23
0, 0, 0, 0, 0, 0, 0, 1, 0, 1, 2, 3, 2, 1, 3, 6, 6, 7, 7, 6, 8, 9, 9, 9, 8, 8, 9, 7, 10, 14, 14, 13, 19, 21
0, 0, 0, 0, 0, 0, 0, 0, 0, 2, 2, 2, 2, 1, 5, 5, 5, 6, 7, 6, 6, 7, 8, 9, 9, 7, 8, 9, 7, 9, 13, 11, 18, 21
0, 0, 0, 0, 0, 0, 0, 0, 1, 1, 1, 2, 2, 3, 4, 5, 5, 5, 6, 6, 6, 6, 6, 8, 8, 8, 7, 7, 9, 6, 8, 11, 16, 20
0, 0, 0, 0, 0, 0, 0, 1, 1, 1, 1, 2, 3, 0, 4, 4, 4, 5, 5, 5, 6, 5, 5, 6, 7, 7, 8, 6, 7, 8, 6, 7, 15, 17
0, 0, 0, 0, 0, 0, 0, 1, 0, 1, 1, 2, 3, 0, 4, 4, 4, 4, 4, 4, 5, 5, 5, 5, 6, 7, 7, 7, 6, 7, 7, 5, 10, 16
0, 0, 0, 0, 0, 0, 0, 0, 0, 0, 2, 2, 2, 0, 4, 3, 3, 3, 4, 4, 4, 4, 5, 4, 4, 5, 6, 6, 7, 6, 6, 6, 7, 11
0, 0, 0, 0, 0, 0, 0, 0, 0, 1, 1, 2, 2, 0, 3, 2, 3, 3, 3, 3, 3, 4, 4, 4, 4, 4, 4, 6, 6, 6, 5, 5, 8, 7
0, 0, 0, 0, 0, 0, 0, 0, 1, 1, 1, 1, 1, 0, 2, 2, 2, 2, 2, 3, 3, 3, 3, 3, 4, 3, 3, 4, 5, 5, 6, 4, 6, 8
0, 0, 0, 0, 0, 0, 0, 0, 0, 0, 1, 1, 1, 1, 2, 1, 1, 2, 2, 2, 2, 3, 2, 3, 3, 3, 3, 3, 4, 5, 4, 4, 5, 6
0, 0, 0, 0, 0, 0, 0, 0, 0, 0, 0, 1, 1, 0, 1, 1, 1, 1, 2, 1, 2, 2, 2, 2, 2, 2, 3, 3, 3, 3, 4, 3, 6, 6
0, 0, 0, 0, 0, 0, 0, 0, 0, 0, 0, 1, 1, 0, 1, 1, 1, 1, 1, 1, 1, 2, 2, 2, 2, 2, 2, 2, 3, 2, 2, 3, 5, 5
0, 0, 0, 0, 0, 0, 0, 0, 0, 0, 0, 0, 0, 0, 1, 0, 1, 0, 1, 1, 1, 1, 1, 1, 1, 1, 2, 1, 2, 2, 1, 2, 3, 5
0, 0, 0, 0, 0, 0, 0, 0, 0, 0, 0, 0, 0, 0, 0, 0, 0, 0, 0, 0, 0, 1, 1, 1, 1, 1, 1, 1, 1, 2, 1, 1, 3, 4
0, 0, 0, 0, 0, 0, 0, 0, 0, 0, 0, 0, 0, 0, 1, 0, 0, 0, 0, 0, 0, 1, 0, 0, 0, 1, 0, 0, 1, 1, 0, 0, 0, 5
